MemTotal:        5723560 kB
MemFree:          417796 kB
MemAvailable:    2303988 kB
Buffers:            1972 kB
Cached:          2277300 kB
SwapCached:        41328 kB
Active:          1656540 kB
Inactive:        1325460 kB
Active(anon):     909456 kB
Inactive(anon):   171056 kB
Active(file):     747084 kB
Inactive(file):  1154404 kB
Unevictable:      297204 kB
Mlocked:          294668 kB
SwapTotal:       3145724 kB
SwapFree:        1418008 kB
Dirty:              4936 kB
Writeback:             0 kB
AnonPages:        990252 kB
Mapped:          1209172 kB
Shmem:             86628 kB
KReclaimable:     213368 kB
Slab:             483808 kB
SReclaimable:     132728 kB
SUnreclaim:       351080 kB
KernelStack:       72792 kB
ShadowCallStack:   18292 kB
PageTables:       137160 kB
SecPageTables:         0 kB
NFS_Unstable:          0 kB
Bounce:                0 kB
WritebackTmp:          0 kB
CommitLimit:     6007504 kB
Committed_AS:   253470080 kB
VmallocTotal:   259653632 kB
VmallocUsed:      189432 kB
VmallocChunk:          0 kB
Percpu:            17952 kB
AnonHugePages:         0 kB
ShmemHugePages:        0 kB
ShmemPmdMapped:        0 kB
FileHugePages:         0 kB
FilePmdMapped:         0 kB
CmaTotal:         667648 kB
CmaFree:             172 kB
Gpu:              200208 kB
Zram:             490888 kB
ION_heap_pool:     80624 kB
ION_heap:         329928 kB
Misc:              23768 kB
