
OpenSBI v1.6
   ____                    _____ ____ _____
  / __ \                  / ____|  _ \_   _|
 | |  | |_ __   ___ _ __ | (___ | |_) || |
 | |  | | '_ \ / _ \ '_ \ \___ \|  _ < | |
 | |__| | |_) |  __/ | | |____) | |_) || |_
  \____/| .__/ \___|_| |_|_____/|____/_____|
        | |
        |_|

Platform Name               : riscv-virtio,qemu
Platform Features           : medeleg
Platform HART Count         : 4
Platform IPI Device         : aclint-mswi
Platform Timer Device       : aclint-mtimer @ 10000000Hz
Platform Console Device     : uart8250
Platform HSM Device         : ---
Platform PMU Device         : ---
Platform Reboot Device      : syscon-reboot
Platform Shutdown Device    : syscon-poweroff
Platform Suspend Device     : ---
Platform CPPC Device        : ---
Firmware Base               : 0x80000000
Firmware Size               : 361 KB
Firmware RW Offset          : 0x40000
Firmware RW Size            : 105 KB
Firmware Heap Offset        : 0x4e000
Firmware Heap Size          : 49 KB (total), 3 KB (reserved), 13 KB (used), 32 KB (free)
Firmware Scratch Size       : 4096 B (total), 440 B (used), 3656 B (free)
Runtime SBI Version         : 2.0
Standard SBI Extensions     : ipi,pmu,srst,hsm,rfnc,time,base,legacy,dbcn
Experimental SBI Extensions : sse,fwft,dbtr

Domain0 Name                : root
Domain0 Boot HART           : 3
Domain0 HARTs               : 0*,1*,2*,3*
Domain0 Region00            : 0x0000000000100000-0x0000000000100fff M: (I,R,W) S/U: (R,W)
Domain0 Region01            : 0x0000000010000000-0x0000000010000fff M: (I,R,W) S/U: (R,W)
Domain0 Region02            : 0x0000000002000000-0x000000000200ffff M: (I,R,W) S/U: ()
Domain0 Region03            : 0x0000000080040000-0x000000008005ffff M: (R,W) S/U: ()
Domain0 Region04            : 0x0000000080000000-0x000000008003ffff M: (R,X) S/U: ()
Domain0 Region05            : 0x000000000c400000-0x000000000c5fffff M: (I,R,W) S/U: (R,W)
Domain0 Region06            : 0x000000000c000000-0x000000000c3fffff M: (I,R,W) S/U: (R,W)
Domain0 Region07            : 0x0000000000000000-0xffffffffffffffff M: () S/U: (R,W,X)
Domain0 Next Address        : 0x0000000020000000
Domain0 Next Arg1           : 0x000000017fe00000
Domain0 Next Mode           : S-mode
Domain0 SysReset            : yes
Domain0 SysSuspend          : yes

Boot HART ID                : 3
Boot HART Domain            : root
Boot HART Priv Version      : v1.12
Boot HART Base ISA          : rv64imafdch
Boot HART ISA Extensions    : sstc,zicntr,zihpm,zicboz,zicbom,sdtrig,svadu
Boot HART PMP Count         : 16
Boot HART PMP Granularity   : 2 bits
Boot HART PMP Address Bits  : 54
Boot HART MHPM Info         : 16 (0x0007fff8)
Boot HART Debug Triggers    : 2 triggers
Boot HART MIDELEG           : 0x0000000000001666
Boot HART MEDELEG           : 0x0000000000f4b509
[2J[04D[=3h[2J[09D[2J[04D[=3h[2J[09DRISC-V EDK2 firmware version 2025.02-8+deb13u1
Press ESCAPE within 5 seconds for boot options [0m[30m[40m[2J[01;01H[0m[37m[40m[02;25HGNU GRUB  version 2.12-9+deb13u2

[01C/----------------------------------------------------------------------------\[05;02H|[76C|[06;02H|[76C|[07;02H|[76C|[08;02H|[76C|[09;02H|[76C|[10;02H|[76C|[11;02H|[76C|[12;02H|[76C|[13;02H|[76C|[14;02H|[76C|[15;02H|[76C|[16;02H|[76C|[17;02H|[76C|[18;02H|[76C|[19;02H|[76C|[20;02H|[76C|[21;02H|[76C|[22;02H|[76C|[23;02H|[76C|[24;02H|[76C|[25;02H|[76C|[26;02H|[76C|[27;02H|[76C|[28;02H|[76C|[29;02H|[76C|[30;02H|[76C|[31;02H|[76C|[32;02H|[76C|[33;02H|[76C|[34;02H|[76C|[35;02H|[76C|[36;02H|[76C|[37;02H|[76C|[38;02H|[76C|[39;02H|[76C|[40;02H|[76C|[41;02H|[76C|[42;02H|[76C|[43;02H\----------------------------------------------------------------------------/[44;02H[45;02H     Use the ^ and v keys to select which entry is highlighted.          
      Press enter to boot the selected OS, `e' to edit the commands       
      before booting or `c' for a command-line.                           [05;80H 
[0m[30m[47m[05;03H*elizaOS Live (RISC-V 64)                                                   [0m[37m[40m[01D[06;03H elizaOS Live (RISC-V 64, verbose)                                          [01D[07;03H                                                                            [01D[08;03H                                                                            [01D[09;03H                                                                            [01D[10;03H                                                                            [01D[11;03H                                                                            [01D[12;03H                                                                            [01D[13;03H                                                                            [01D[14;03H                                                                            [01D[15;03H                                                                            [01D[16;03H                                                                            [01D[17;03H                                                                            [01D[18;03H                                                                            [01D[19;03H                                                                            [01D[20;03H                                                                            [01D[21;03H                                                                            [01D[22;03H                                                                            [01D[23;03H                                                                            [01D[24;03H                                                                            [01D[25;03H                                                                            [01D[26;03H                                                                            [01D[27;03H                                                                            [01D[28;03H                                                                            [01D[29;03H                                                                            [01D[30;03H                                                                            [01D[31;03H                                                                            [01D[32;03H                                                                            [01D[33;03H                                                                            [01D[34;03H                                                                            [01D[35;03H                                                                            [01D[36;03H                                                                            [01D[37;03H                                                                            [01D[38;03H                                                                            [01D[39;03H                                                                            [01D[40;03H                                                                            [01D[41;03H                                                                            [01D[42;03H                                                                            [01D[02C 
[05;78H[48;01H   The highlighted entry will be executed automatically in 5s.                 [05;78H[48;01H   The highlighted entry will be executed automatically in 4s.                 [05;78H[48;01H   The highlighted entry will be executed automatically in 3s.                 [05;78H[48;01H   The highlighted entry will be executed automatically in 2s.                 [05;78H[48;01H   The highlighted entry will be executed automatically in 1s.                 [05;78H[48;01H   The highlighted entry will be executed automatically in 0s.                 [05;78H[0m[30m[40m[2J[01;01H[0m[37m[40m[0m[30m[40m[2J[04D[0m[37m[40m  Booting `elizaOS Live (RISC-V 64)'

EFI stub: Booting Linux Kernel...
EFI stub: Loaded initrd from LINUX_EFI_INITRD_MEDIA_GUID device path
EFI stub: Generating empty DTB
EFI stub: Exiting boot services...
[    0.000000] Linux version 6.12.88+deb13-riscv64 (debian-kernel@lists.debian.org) (riscv64-linux-gnu-gcc-14 (Debian 14.2.0-19) 14.2.0, GNU ld (GNU Binutils for Debian) 2.44) #1 SMP Debian 6.12.88-1 (2026-05-15)
[    0.000000] SBI specification v2.0 detected
[    0.000000] SBI implementation ID=0x1 Version=0x10006
[    0.000000] SBI TIME extension detected
[    0.000000] SBI IPI extension detected
[    0.000000] SBI RFENCE extension detected
[    0.000000] SBI SRST extension detected
[    0.000000] SBI DBCN extension detected
[    0.000000] earlycon: sbi0 at I/O port 0x0 (options '')
[    0.000000] printk: legacy bootconsole [sbi0] enabled
[    0.000000] efi: EFI v2.7 by Debian distribution of EDK II
[    0.000000] efi: SMBIOS 3.0=0x17ff5b000 MEMATTR=0x17f31b018 ACPI=0xfffff000 ACPI 2.0=0xfffff014 INITRD=0x17f2b8e98 MEMRESERVE=0x17f2b8d18 
[    0.000000] secureboot: Secure boot disabled
[    0.000000] ACPI: Early table checksum verification disabled
[    0.000000] ACPI: RSDP 0x00000000FFFFF014 000024 (v02 BOCHS )
[    0.000000] ACPI: XSDT 0x00000000FFFFE0E8 00004C (v01 BOCHS  BXPC     00000001      01000013)
[    0.000000] ACPI: FACP 0x00000000FFFFC000 000114 (v06 BOCHS  BXPC     00000001 BXPC 00000001)
[    0.000000] ACPI: DSDT 0x00000000FFFFD000 000ED8 (v02 BOCHS  BXPC     00000001 BXPC 00000001)
[    0.000000] ACPI: APIC 0x00000000FFFFB000 0000E0 (v06 BOCHS  BXPC     00000001 BXPC 00000001)
[    0.000000] ACPI: RHCT 0x00000000FFFFA000 0001E2 (v01 BOCHS  BXPC     00000001 BXPC 00000001)
[    0.000000] ACPI: SPCR 0x00000000FFFF9000 00005A (v04 BOCHS  BXPC     00000001 BXPC 00000001)
[    0.000000] ACPI: MCFG 0x00000000FFFF8000 00003C (v01 BOCHS  BXPC     00000001 BXPC 00000001)
[    0.000000] ACPI: SPCR: console: uart,mmio,0x10000000,115200
[    0.000000] NUMA: Faking a node at [mem 0x0000000080000000-0x000000017fffffff]
[    0.000000] NODE_DATA(0) allocated [mem 0x17fc30bc0-0x17fc32fff]
[    0.000000] Zone ranges:
[    0.000000]   DMA32    [mem 0x0000000080000000-0x00000000ffffffff]
[    0.000000]   Normal   [mem 0x0000000100000000-0x000000017fffffff]
[    0.000000]   Device   empty
[    0.000000] Movable zone start for each node
[    0.000000] Early memory node ranges
[    0.000000]   node   0: [mem 0x0000000080000000-0x000000008005ffff]
[    0.000000]   node   0: [mem 0x0000000080060000-0x000000017f61bfff]
[    0.000000]   node   0: [mem 0x000000017f61c000-0x000000017f6dcfff]
[    0.000000]   node   0: [mem 0x000000017f6dd000-0x000000017fe3cfff]
[    0.000000]   node   0: [mem 0x000000017fe3d000-0x000000017fffefff]
[    0.000000]   node   0: [mem 0x000000017ffff000-0x000000017fffffff]
[    0.000000] Initmem setup node 0 [mem 0x0000000080000000-0x000000017fffffff]
[    0.000000] SBI HSM extension detected
[    0.000000] riscv: base ISA extensions acdfhim
[    0.000000] riscv: ELF capabilities acdfim
[    0.000000] percpu: Embedded 32 pages/cpu s90264 r8192 d32616 u131072
[    0.000000] Kernel command line: BOOT_IMAGE=/live/vmlinux-6.12.88+deb13-riscv64 boot=live components earlycon=sbi console=ttyS0,115200n8
[    0.000000] Unknown kernel command line parameters "components boot=live", will be passed to user space.
[    0.000000] Dentry cache hash table entries: 524288 (order: 10, 4194304 bytes, linear)
[    0.000000] Inode-cache hash table entries: 262144 (order: 9, 2097152 bytes, linear)
[    0.000000] Fallback order for Node 0: 0 
[    0.000000] Built 1 zonelists, mobility grouping on.  Total pages: 1048576
[    0.000000] Policy zone: Normal
[    0.000000] mem auto-init: stack:all(zero), heap alloc:on, heap free:off
[    0.000000] software IO TLB: area num 4.
[    0.000000] software IO TLB: mapped [mem 0x00000000fbff8000-0x00000000ffff8000] (64MB)
[    0.000000] SLUB: HWalign=64, Order=0-3, MinObjects=0, CPUs=4, Nodes=1
[    0.000000] ftrace: allocating 39400 entries in 154 pages
[    0.000000] ftrace: allocated 154 pages with 4 groups
[    0.000000] rcu: Hierarchical RCU implementation.
[    0.000000] rcu: 	RCU restricting CPUs from NR_CPUS=64 to nr_cpu_ids=4.
[    0.000000] 	Rude variant of Tasks RCU enabled.
[    0.000000] 	Tracing variant of Tasks RCU enabled.
[    0.000000] rcu: RCU calculated value of scheduler-enlistment delay is 25 jiffies.
[    0.000000] rcu: Adjusting geometry for rcu_fanout_leaf=16, nr_cpu_ids=4
[    0.000000] RCU Tasks Rude: Setting shift to 2 and lim to 1 rcu_task_cb_adjust=1 rcu_task_cpu_ids=4.
[    0.000000] RCU Tasks Trace: Setting shift to 2 and lim to 1 rcu_task_cb_adjust=1 rcu_task_cpu_ids=4.
[    0.000000] NR_IRQS: 64, nr_irqs: 64, preallocated irqs: 0
[    0.000000] riscv-intc: 64 local interrupts mapped
[    0.000000] riscv: providing IPIs using SBI IPI extension
[    0.000000] rcu: srcu_init: Setting srcu_struct sizes based on contention.
[    0.000000] clocksource: riscv_clocksource: mask: 0xffffffffffffffff max_cycles: 0x24e6a1710, max_idle_ns: 440795202120 ns
[    0.000040] sched_clock: 64 bits at 10MHz, resolution 100ns, wraps every 4398046511100ns
[    0.000184] riscv-timer: Timer interrupt in S-mode is available via sstc extension
[    0.003200] Console: colour dummy device 80x25
[    0.006867] ACPI: Core revision 20240827
[    0.009257] Calibrating delay loop (skipped), value calculated using timer frequency.. 20.00 BogoMIPS (lpj=40000)
[    0.009455] pid_max: default: 32768 minimum: 301
[    0.012220] LSM: initializing lsm=lockdown,capability,landlock,yama,apparmor,tomoyo,bpf,ipe,ima,evm
[    0.013619] landlock: Up and running.
[    0.013679] Yama: disabled by default; enable with sysctl kernel.yama.*
[    0.015765] AppArmor: AppArmor initialized
[    0.016256] TOMOYO Linux initialized
[    0.019318] LSM support for eBPF active
[    0.021441] Mount-cache hash table entries: 8192 (order: 4, 65536 bytes, linear)
[    0.021569] Mountpoint-cache hash table entries: 8192 (order: 4, 65536 bytes, linear)
[    0.041847] ACPI PPTT: No PPTT table found, CPU and cache topology may be inaccurate
[    0.050662] ASID allocator using 16 bits (65536 entries)
[    0.051536] rcu: Hierarchical SRCU implementation.
[    0.051605] rcu: 	Max phase no-delay instances is 1000.
[    0.052839] Timer migration: 1 hierarchy levels; 8 children per group; 1 crossnode level
[    0.055486] Remapping and enabling EFI services.
[    0.059433] smp: Bringing up secondary CPUs ...
[    0.071722] smp: Brought up 1 node, 4 CPUs
[    0.095546] node 0 deferred pages initialised in 8ms
[    0.096556] Memory: 3933876K/4194304K available (10725K kernel code, 5221K rwdata, 10240K rodata, 2692K init, 697K bss, 255380K reserved, 0K cma-reserved)
[    0.106868] devtmpfs: initialized
[    0.116341] clocksource: jiffies: mask: 0xffffffff max_cycles: 0xffffffff, max_idle_ns: 7645041785100000 ns
[    0.116571] futex hash table entries: 1024 (order: 4, 65536 bytes, linear)
[    0.119530] pinctrl core: initialized pinctrl subsystem
[    0.143915] SMBIOS 3.0.0 present.
[    0.144080] DMI: QEMU QEMU Virtual Machine, BIOS 2025.02-8+deb13u1 11/08/2025
[    0.144295] DMI: Memory slots populated: 1/1
[    0.148044] NET: Registered PF_NETLINK/PF_ROUTE protocol family
[    0.157973] DMA: preallocated 512 KiB GFP_KERNEL pool for atomic allocations
[    0.160229] DMA: preallocated 512 KiB GFP_KERNEL|GFP_DMA32 pool for atomic allocations
[    0.160574] audit: initializing netlink subsys (disabled)
[    0.162200] audit: type=2000 audit(0.136:1): state=initialized audit_enabled=0 res=1
[    0.165266] thermal_sys: Registered thermal governor 'fair_share'
[    0.165307] thermal_sys: Registered thermal governor 'bang_bang'
[    0.165425] thermal_sys: Registered thermal governor 'step_wise'
[    0.165504] thermal_sys: Registered thermal governor 'user_space'
[    0.165575] thermal_sys: Registered thermal governor 'power_allocator'
[    0.165958] cpuidle: using governor ladder
[    0.166166] cpuidle: using governor menu
[    0.193485] cpu2: Ratio of byte access time to unaligned word access is 7.55, unaligned accesses are fast
[    0.193508] cpu3: Ratio of byte access time to unaligned word access is 7.66, unaligned accesses are fast
[    0.193493] cpu1: Ratio of byte access time to unaligned word access is 7.55, unaligned accesses are fast
[    0.218168] cpu0: Ratio of byte access time to unaligned word access is 7.37, unaligned accesses are fast
[    0.236744] HugeTLB: registered 1.00 GiB page size, pre-allocated 0 pages
[    0.236903] HugeTLB: 16380 KiB vmemmap can be freed for a 1.00 GiB page
[    0.237008] HugeTLB: registered 2.00 MiB page size, pre-allocated 0 pages
[    0.237085] HugeTLB: 28 KiB vmemmap can be freed for a 2.00 MiB page
[    0.253773] ACPI: Added _OSI(Module Device)
[    0.253875] ACPI: Added _OSI(Processor Device)
[    0.253935] ACPI: Added _OSI(Processor Aggregator Device)
[    0.262121] ACPI: 1 ACPI AML tables successfully acquired and loaded
[    0.276790] ACPI: Interpreter enabled
[    0.276905] ACPI: Using RINTC for interrupt routing
[    0.277303] ACPI: MCFG table detected, 1 entries
[    0.310701] iommu: Default domain type: Translated
[    0.310797] iommu: DMA domain TLB invalidation policy: strict mode
[    0.314063] pps_core: LinuxPPS API ver. 1 registered
[    0.314147] pps_core: Software ver. 5.3.6 - Copyright 2005-2007 Rodolfo Giometti <giometti@linux.it>
[    0.314271] PTP clock support registered
[    0.316279] efivars: Registered efivars operations
[    0.322492] NetLabel: Initializing
[    0.322555] NetLabel:  domain hash size = 128
[    0.322609] NetLabel:  protocols = UNLABELED CIPSOv4 CALIPSO
[    0.323258] NetLabel:  unlabeled traffic allowed by default
[    0.326891] vgaarb: loaded
[    0.328172] clocksource: Switched to clocksource riscv_clocksource
[    0.344265] VFS: Disk quotas dquot_6.6.0
[    0.344492] VFS: Dquot-cache hash table entries: 512 (order 0, 4096 bytes)
[    0.348920] AppArmor: AppArmor Filesystem Enabled
[    0.349347] pnp: PnP ACPI init
[    0.349785] pnp: PnP ACPI: found 0 devices
[    0.369961] NET: Registered PF_INET protocol family
[    0.371067] IP idents hash table entries: 65536 (order: 7, 524288 bytes, linear)
[    0.403485] tcp_listen_portaddr_hash hash table entries: 2048 (order: 3, 32768 bytes, linear)
[    0.403721] Table-perturb hash table entries: 65536 (order: 6, 262144 bytes, linear)
[    0.404176] TCP established hash table entries: 32768 (order: 6, 262144 bytes, linear)
[    0.404618] TCP bind hash table entries: 32768 (order: 8, 1048576 bytes, linear)
[    0.404929] TCP: Hash tables configured (established 32768 bind 32768)
[    0.406091] MPTCP token hash table entries: 4096 (order: 5, 98304 bytes, linear)
[    0.406455] UDP hash table entries: 2048 (order: 4, 65536 bytes, linear)
[    0.406667] UDP-Lite hash table entries: 2048 (order: 4, 65536 bytes, linear)
[    0.407990] NET: Registered PF_UNIX/PF_LOCAL protocol family
[    0.408323] NET: Registered PF_XDP protocol family
[    0.408505] PCI: CLS 0 bytes, default 64
[    0.412599] Trying to unpack rootfs image as initramfs...
[    0.414775] Initialise system trusted keyrings
[    0.416245] Key type blacklist registered
[    0.417413] workingset: timestamp_bits=44 max_order=20 bucket_order=0
[    0.417710] zbud: loaded
[    0.420221] fuse: init (API version 7.41)
[    0.423656] integrity: Platform Keyring initialized
[    0.423997] integrity: Machine keyring initialized
[    0.484307] Key type asymmetric registered
[    0.484645] Asymmetric key parser 'x509' registered
[    0.995623] Freeing initrd memory: 46208K
[    1.107045] Block layer SCSI generic (bsg) driver version 0.4 loaded (major 247)
[    1.108061] io scheduler mq-deadline registered
[    1.120573] riscv-plic: IC00: mapped 95 interrupts with 4 handlers for 4 contexts.
[    1.124335] ACPI: PCI: Interrupt link L000 configured for IRQ 32
[    1.124603] ACPI: PCI: Interrupt link L002 configured for IRQ 34
[    1.124863] ACPI: PCI: Interrupt link L001 configured for IRQ 33
[    1.125065] ACPI: PCI: Interrupt link L003 configured for IRQ 35
[    1.125283] ledtrig-cpu: registered to indicate activity on CPUs
[    1.125659] ACPI: PCI Root Bridge [PCI0] (domain 0000 [bus 00-ff])
[    1.127769] acpi PNP0A08:00: _OSC: OS supports [ExtendedConfig ASPM ClockPM Segments MSI HPX-Type3]
[    1.129122] SBI CPPC extension NOT detected!!
[    1.131564] Serial: 8250/16550 driver, 4 ports, IRQ sharing disabled
[    1.131610] acpi PNP0A08:00: _OSC: platform does not support [LTR]
[    1.132494] acpi PNP0A08:00: _OSC: OS now controls [PME AER PCIeCapability]
[    1.133828] acpi PNP0A08:00: ECAM area [mem 0x30000000-0x3fffffff] reserved by PNP0C02:00
[    1.134150] acpi PNP0A08:00: ECAM at [mem 0x30000000-0x3fffffff] for [bus 00-ff]
[    1.134729] ACPI: Remapped I/O 0x0000000003000000 to [io  0x0000-0xffff window]
[    1.136708] PCI host bridge to bus 0000:00
[    1.137113] pci_bus 0000:00: root bus resource [mem 0x40000000-0x7fffffff window]
[    1.137242] pci_bus 0000:00: root bus resource [io  0x0000-0xffff window]
[    1.137332] pci_bus 0000:00: root bus resource [mem 0x400000000-0x7ffffffff window]
[    1.137513] pci_bus 0000:00: root bus resource [bus 00-ff]
[    1.138748] pci 0000:00:00.0: [1b36:0008] type 00 class 0x060000 conventional PCI endpoint
[    1.141824] pci 0000:00:01.0: [8086:293e] type 00 class 0x040300 conventional PCI endpoint
[    1.142082] pci 0000:00:01.0: BAR 0 [mem 0x40000000-0x40003fff]
[    1.142499] pci 0000:00:02.0: [1af4:1001] type 00 class 0x010000 conventional PCI endpoint
[    1.143098] pci 0000:00:02.0: BAR 0 [io  0x0000-0x007f]
[    1.143395] pci 0000:00:02.0: BAR 1 [mem 0x40004000-0x40004fff]
[    1.144201] pci 0000:00:02.0: BAR 4 [mem 0x400000000-0x400003fff 64bit pref]
[    1.145961] pci 0000:00:01.0: BAR 0 [mem 0x40000000-0x40003fff]: assigned
[    1.146259] pci 0000:00:02.0: BAR 4 [mem 0x400000000-0x400003fff 64bit pref]: assigned
[    1.146455] pci 0000:00:02.0: BAR 1 [mem 0x40004000-0x40004fff]: assigned
[    1.146563] pci 0000:00:02.0: BAR 0 [io  0x0080-0x00ff]: assigned
[    1.147051] pci_bus 0000:00: resource 4 [mem 0x40000000-0x7fffffff window]
[    1.147172] pci_bus 0000:00: resource 5 [io  0x0000-0xffff window]
[    1.147253] pci_bus 0000:00: resource 6 [mem 0x400000000-0x7ffffffff window]
[    1.148933] printk: legacy console [ttyS0] disabled
[    1.151345] ACPI: \_SB_.L002: Enabled at IRQ 34
[    1.151866] virtio-pci 0000:00:02.0: enabling device (0005 -> 0007)
[    1.172378] RSCV0003:00: ttyS0 at MMIO 0x10000000 (irq = 12, base_baud = 230400) is a 16550A
[    1.173603] printk: legacy console [ttyS0] enabled
[    1.173603] printk: legacy console [ttyS0] enabled
[    1.174000] printk: legacy bootconsole [sbi0] disabled
[    1.174000] printk: legacy bootconsole [sbi0] disabled
[    1.180201] mousedev: PS/2 mouse device common for all mice
[    1.183231] riscv-pmu-sbi: SBI PMU extension is available
[    1.183645] riscv-pmu-sbi: 16 firmware and 18 hardware counters
[    1.183759] riscv-pmu-sbi: Perf sampling/filtering is not supported as sscof extension is not available
[    1.187261] NET: Registered PF_INET6 protocol family
[    1.222732] Segment Routing with IPv6
[    1.223081] In-situ OAM (IOAM) with IPv6
[    1.223522] mip6: Mobile IPv6
[    1.223755] NET: Registered PF_PACKET protocol family
[    1.224470] mpls_gso: MPLS GSO support
[    1.238230] registered taskstats version 1
[    1.248433] Loading compiled-in X.509 certificates
[    1.365766] Loaded X.509 cert 'Build time autogenerated kernel key: 0b47c0179ab50c30ef634db5a1db058481b478b4'
[    1.380968] Demotion targets for Node 0: null
[    1.385512] Key type .fscrypt registered
[    1.385603] Key type fscrypt-provisioning registered
[    1.547847] Key type encrypted registered
[    1.548185] AppArmor: AppArmor sha256 policy hashing enabled
[    1.550422] ima: No TPM chip found, activating TPM-bypass!
[    1.550560] ima: Allocated hash algorithm: sha256
[    1.551771] ima: No architecture policies found
[    1.552403] evm: Initialising EVM extended attributes:
[    1.552490] evm: security.selinux
[    1.552561] evm: security.SMACK64 (disabled)
[    1.552621] evm: security.SMACK64EXEC (disabled)
[    1.552684] evm: security.SMACK64TRANSMUTE (disabled)
[    1.552751] evm: security.SMACK64MMAP (disabled)
[    1.552814] evm: security.apparmor
[    1.552864] evm: security.ima
[    1.552910] evm: security.capability
[    1.552969] evm: HMAC attrs: 0x1
[    1.625651] clk: Disabling unused clocks
[    1.625985] PM: genpd: Disabling unused power domains
[    1.706068] Freeing unused kernel image (initmem) memory: 2692K
[    1.707037] Run /init as init process
Loading, please wait...
Starting systemd-udevd version 257.13-1~deb13u1
[    2.659783] virtio_blk virtio0: 4/0/0 default/read/poll queues
[    2.678767] virtio_blk virtio0: [vda] 1489312 512-byte logical blocks (763 MB/727 MiB)
Begin: Loading essential drivers ... done.
Begin: Running /scripts/init-premount ... done.
Begin: Mounting root file system ... Begin: Running /scripts/live-top ... done.
Begin: Running /scripts/live-premount ... done.
[    3.794252] loop: module loaded
[    3.862170] loop0: detected capacity change from 0 to 1308648
[    4.013313] squashfs: version 4.0 (2009/01/31) Phillip Lougher
Begin: Running /scripts/live-realpremount ... done.
Begin: Mounting "/run/live/medium/live/filesystem.squashfs" on "/run/live/rootfs/filesystem.squashfs" via "/dev/loop0" ... done.
[    4.148935] evm: overlay not supported
done.
Begin: Configuring fstab ... done.
Begin: Preconfiguring networking ... done.
Begin: Running /scripts/live-bottom ... done.
Begin: Running /scripts/init-bottom ... done.
[    6.179838] Not activating Mandatory Access Control as /sbin/tomoyo-init does not exist.
[    7.433798] systemd[1]: System time advanced to built-in epoch: Mon 2026-04-13 19:38:05 UTC
[    7.586086] systemd[1]: Inserted module 'autofs4'
[!p]104[?7h[    7.862973] systemd[1]: systemd 257.13-1~deb13u1 running in system mode (+PAM +AUDIT +SELINUX +APPARMOR +IMA +IPE +SMACK +SECCOMP +GCRYPT -GNUTLS +OPENSSL +ACL +BLKID +CURL +ELFUTILS +FIDO2 +IDN2 -IDN +IPTC +KMOD +LIBCRYPTSETUP +LIBCRYPTSETUP_PLUGINS +LIBFDISK +PCRE2 +PWQUALITY +P11KIT +QRENCODE +TPM2 +BZIP2 +LZ4 +XZ +ZLIB +ZSTD +BPF_FRAMEWORK +BTF -XKBCOMMON -UTMP +SYSVINIT +LIBARCHIVE)
[    7.863364] systemd[1]: Detected virtualization qemu.
[    7.863573] systemd[1]: Detected architecture riscv64.

[0;1;39mWelcome to [0m[1mDebian GNU/Linux 13 (trixie)[0m[0;1;39m![0m

[    7.902018] systemd[1]: Hostname set to <localhost.localdomain>.
[    7.918948] systemd[1]: Initializing machine ID from random generator.
[    8.813669] systemd[1]: bpf-restrict-fs: LSM BPF program attached
[    8.999430] systemd-gpt-auto-generator[359]: EFI loader partition unknown, exiting.
[    8.999659] systemd-gpt-auto-generator[359]: (The boot loader did not set EFI variable LoaderDevicePartUUID.)
[    9.121370] NET: Registered PF_VSOCK protocol family
[    9.198932] systemd-ssh-generator[364]: Failed to query local AF_VSOCK CID: Cannot assign requested address
[    9.284692] (sd-exec-[354]: /usr/lib/systemd/system-generators/systemd-ssh-generator failed with exit status 1.
[   10.543171] systemd[1]: Queued start job for default target graphical.target.
[   10.636417] systemd[1]: Created slice system-getty.slice - Slice /system/getty.
[[0;32m  OK  [0m] Created slice [0;1;39msystem-getty.slice[0m - Slice /system/getty.
[   10.642864] systemd[1]: Created slice system-modprobe.slice - Slice /system/modprobe.
[[0;32m  OK  [0m] Created slice [0;1;39msystem-modprobe.slice[0m - Slice /system/modprobe.
[   10.646706] systemd[1]: Created slice system-serial\x2dgetty.slice - Slice /system/serial-getty.
[[0;32m  OK  [0m] Created slice [0;1;39msystem-serial\x2dget…slice[0m - Slice /system/serial-getty.
[   10.650258] systemd[1]: Created slice user.slice - User and Session Slice.
[[0;32m  OK  [0m] Created slice [0;1;39muser.slice[0m - User and Session Slice.
[   10.652660] systemd[1]: Started systemd-ask-password-console.path - Dispatch Password Requests to Console Directory Watch.
[[0;32m  OK  [0m] Started [0;1;39msystemd-ask-password-conso…[0mequests to Console Directory Watch.
[   10.653904] systemd[1]: Started systemd-ask-password-wall.path - Forward Password Requests to Wall Directory Watch.
[[0;32m  OK  [0m] Started [0;1;39msystemd-ask-password-wall.…[0md Requests to Wall Directory Watch.
[   10.658545] systemd[1]: Set up automount proc-sys-fs-binfmt_misc.automount - Arbitrary Executable File Formats File System Automount Point.
[[0;32m  OK  [0m] Set up automount [0;1;39mproc-sys-fs-binfm…[0mormats File System Automount Point.
[   10.659917] systemd[1]: Expecting device dev-ttyS0.device - /dev/ttyS0...
         Expecting device [0;1;39mdev-ttyS0.device[0m - /dev/ttyS0...
[   10.660884] systemd[1]: Reached target paths.target - Path Units.
[[0;32m  OK  [0m] Reached target [0;1;39mpaths.target[0m - Path Units.
[   10.661567] systemd[1]: Reached target remote-fs.target - Remote File Systems.
[[0;32m  OK  [0m] Reached target [0;1;39mremote-fs.target[0m - Remote File Systems.
[   10.662192] systemd[1]: Reached target slices.target - Slice Units.
[[0;32m  OK  [0m] Reached target [0;1;39mslices.target[0m - Slice Units.
[   10.662850] systemd[1]: Reached target swap.target - Swaps.
[[0;32m  OK  [0m] Reached target [0;1;39mswap.target[0m - Swaps.
[   10.672221] systemd[1]: Listening on systemd-creds.socket - Credential Encryption/Decryption.
[[0;32m  OK  [0m] Listening on [0;1;39msystemd-creds.socket[0m - Credential Encryption/Decryption.
[   10.674083] systemd[1]: Listening on systemd-initctl.socket - initctl Compatibility Named Pipe.
[[0;32m  OK  [0m] Listening on [0;1;39msystemd-initctl.socke…[0m- initctl Compatibility Named Pipe.
[   10.676177] systemd[1]: Listening on systemd-journald-dev-log.socket - Journal Socket (/dev/log).
[[0;32m  OK  [0m] Listening on [0;1;39msystemd-journald-dev-…socket[0m - Journal Socket (/dev/log).
[   10.677827] systemd[1]: Listening on systemd-journald.socket - Journal Sockets.
[[0;32m  OK  [0m] Listening on [0;1;39msystemd-journald.socket[0m - Journal Sockets.
[   10.678987] systemd[1]: systemd-pcrextend.socket - TPM PCR Measurements skipped, unmet condition check ConditionSecurity=measured-uki
[   10.679330] systemd[1]: systemd-pcrlock.socket - Make TPM PCR Policy skipped, unmet condition check ConditionSecurity=measured-uki
[   10.680617] systemd[1]: Listening on systemd-udevd-control.socket - udev Control Socket.
[[0;32m  OK  [0m] Listening on [0;1;39msystemd-udevd-control.socket[0m - udev Control Socket.
[   10.681866] systemd[1]: Listening on systemd-udevd-kernel.socket - udev Kernel Socket.
[[0;32m  OK  [0m] Listening on [0;1;39msystemd-udevd-kernel.socket[0m - udev Kernel Socket.
[   10.722278] systemd[1]: Mounting dev-hugepages.mount - Huge Pages File System...
         Mounting [0;1;39mdev-hugepages.mount[0m - Huge Pages File System...
[   10.730453] systemd[1]: Mounting dev-mqueue.mount - POSIX Message Queue File System...
         Mounting [0;1;39mdev-mqueue.mount[0m - POSIX Message Queue File System...
[   10.737645] systemd[1]: Mounting run-lock.mount - Legacy Locks Directory /run/lock...
         Mounting [0;1;39mrun-lock.mount[0m - Legacy Locks Directory /run/lock...
[   10.748811] systemd[1]: Mounting sys-kernel-debug.mount - Kernel Debug File System...
         Mounting [0;1;39msys-kernel-debug.mount[0m - Kernel Debug File System...
[   10.793102] systemd[1]: Mounting sys-kernel-tracing.mount - Kernel Trace File System...
         Mounting [0;1;39msys-kernel-tracing.mount[0m - Kernel Trace File System...
[   10.819124] systemd[1]: Starting keyboard-setup.service - Set the console keyboard layout...
         Starting [0;1;39mkeyboard-setup.service[0m - Set the console keyboard layout...
[   10.862492] systemd[1]: Starting kmod-static-nodes.service - Create List of Static Device Nodes...
         Starting [0;1;39mkmod-static-nodes.service[0m…eate List of Static Device Nodes...
[   10.909710] systemd[1]: Starting modprobe@configfs.service - Load Kernel Module configfs...
         Starting [0;1;39mmodprobe@configfs.service[0m - Load Kernel Module configfs...
[   10.951800] systemd[1]: Starting modprobe@drm.service - Load Kernel Module drm...
         Starting [0;1;39mmodprobe@drm.service[0m - Load Kernel Module drm...
[   10.989125] systemd[1]: Starting modprobe@efi_pstore.service - Load Kernel Module efi_pstore...
         Starting [0;1;39mmodprobe@efi_pstore.servi…[0m - Load Kernel Module efi_pstore...
[   11.030906] systemd[1]: Starting modprobe@fuse.service - Load Kernel Module fuse...
         Starting [0;1;39mmodprobe@fuse.service[0m - Load Kernel Module fuse...
[   11.033110] systemd[1]: systemd-hibernate-clear.service - Clear Stale Hibernate Storage Info skipped, unmet condition check ConditionPathExists=/sys/firmware/efi/efivars/HibernateLocation-8cf2644b-4b0b-428f-9387-6d876050dc67
[   11.099148] systemd[1]: Starting systemd-journald.service - Journal Service...
         Starting [0;1;39msystemd-journald.service[0m - Journal Service...
[   11.229135] systemd[1]: Starting systemd-modules-load.service - Load Kernel Modules...
         Starting [0;1;39msystemd-modules-load.service[0m - Load Kernel Modules...
[   11.236897] systemd[1]: systemd-pcrmachine.service - TPM PCR Machine ID Measurement skipped, unmet condition check ConditionSecurity=measured-uki
[   11.306682] systemd[1]: Starting systemd-remount-fs.service - Remount Root and Kernel File Systems...
         Starting [0;1;39msystemd-remount-fs.servic…[0munt Root and Kernel File Systems...
[   11.322713] systemd[1]: systemd-tpm2-setup-early.service - Early TPM SRK Setup skipped, unmet condition check ConditionSecurity=measured-uki
[   11.431078] systemd[1]: Starting systemd-udev-load-credentials.service - Load udev Rules from Credentials...
         Starting [0;1;39msystemd-udev-load-credent…[0mLoad udev Rules from Credentials...
[   11.584526] systemd[1]: Starting systemd-udev-trigger.service - Coldplug All udev Devices...
         Starting [0;1;39msystemd-udev-trigger.service[0m - Coldplug All udev Devices...
[   11.627327] ACPI: bus type drm_connector registered
[   11.840823] systemd[1]: Mounted dev-hugepages.mount - Huge Pages File System.
[[0;32m  OK  [0m] Mounted [0;1;39mdev-hugepages.mount[0m - Huge Pages File System.
[   11.848969] systemd[1]: Mounted dev-mqueue.mount - POSIX Message Queue File System.
[[0;32m  OK  [0m] Mounted [0;1;39mdev-mqueue.mount[0m - POSIX Message Queue File System.
[   11.855781] systemd[1]: Mounted run-lock.mount - Legacy Locks Directory /run/lock.
[[0;32m  OK  [0m] Mounted [0;1;39mrun-lock.mount[0m - Legacy Locks Directory /run/lock.
[   11.862920] systemd[1]: Mounted sys-kernel-debug.mount - Kernel Debug File System.
[[0;32m  OK  [0m] Mounted [0;1;39msys-kernel-debug.mount[0m - Kernel Debug File System.
[   11.869896] systemd[1]: Mounted sys-kernel-tracing.mount - Kernel Trace File System.
[[0;32m  OK  [0m] Mounted [0;1;39msys-kernel-tracing.mount[0m - Kernel Trace File System.
[   11.893445] systemd[1]: Finished kmod-static-nodes.service - Create List of Static Device Nodes.
[[0;32m  OK  [0m] Finished [0;1;39mkmod-static-nodes.service[0m…Create List of Static Device Nodes.
[   11.922722] systemd-journald[401]: Collecting audit messages is disabled.
[   11.922768] systemd[1]: modprobe@configfs.service: Deactivated successfully.
[   11.945847] systemd[1]: Finished modprobe@configfs.service - Load Kernel Module configfs.
[[0;32m  OK  [0m] Finished [0;1;39mmodprobe@configfs.service[0m - Load Kernel Module configfs.
[   11.998677] systemd[1]: modprobe@drm.service: Deactivated successfully.
[   12.008686] systemd[1]: Finished modprobe@drm.service - Load Kernel Module drm.
[[0;32m  OK  [0m] Finished [0;1;39mmodprobe@drm.service[0m - Load Kernel Module drm.
[   12.027198] systemd[1]: modprobe@efi_pstore.service: Deactivated successfully.
[   12.036102] systemd[1]: Finished modprobe@efi_pstore.service - Load Kernel Module efi_pstore.
[[0;32m  OK  [0m] Finished [0;1;39mmodprobe@efi_pstore.service[0m - Load Kernel Module efi_pstore.
[   12.054856] systemd[1]: modprobe@fuse.service: Deactivated successfully.
[   12.065662] systemd[1]: Finished modprobe@fuse.service - Load Kernel Module fuse.
[[0;32m  OK  [0m] Finished [0;1;39mmodprobe@fuse.service[0m - Load Kernel Module fuse.
[   12.085861] systemd[1]: Finished systemd-modules-load.service - Load Kernel Modules.
[[0;32m  OK  [0m] Finished [0;1;39msystemd-modules-load.service[0m - Load Kernel Modules.
[   12.103635] systemd[1]: Finished systemd-remount-fs.service - Remount Root and Kernel File Systems.
[[0;32m  OK  [0m] Finished [0;1;39msystemd-remount-fs.servic…[0mmount Root and Kernel File Systems.
[   12.130482] systemd[1]: Finished systemd-udev-load-credentials.service - Load udev Rules from Credentials.
[[0;32m  OK  [0m] Finished [0;1;39msystemd-udev-load-credent…[0m- Load udev Rules from Credentials.
[   12.230521] systemd[1]: Mounting sys-fs-fuse-connections.mount - FUSE Control File System...
         Mounting [0;1;39msys-fs-fuse-connections.mount[0m - FUSE Control File System...
[   12.281400] systemd[1]: Mounting sys-kernel-config.mount - Kernel Configuration File System...
         Mounting [0;1;39msys-kernel-config.mount[0m - Kernel Configuration File System...
[   12.293891] systemd[1]: systemd-hwdb-update.service - Rebuild Hardware Database skipped, no trigger condition checks were met.
[   12.294489] systemd[1]: systemd-pstore.service - Platform Persistent Storage Archival skipped, unmet condition check ConditionDirectoryNotEmpty=/sys/fs/pstore
[   12.311121] systemd[1]: Starting systemd-random-seed.service - Load/Save OS Random Seed...
         Starting [0;1;39msystemd-random-seed.service[0m - Load/Save OS Random Seed...
[   12.513773] systemd[1]: Starting systemd-sysctl.service - Apply Kernel Variables...
         Starting [0;1;39msystemd-sysctl.service[0m - Apply Kernel Variables...
[   12.529584] systemd[1]: Starting systemd-tmpfiles-setup-dev-early.service - Create Static Device Nodes in /dev gracefully...
         Starting [0;1;39msystemd-tmpfiles-setup-de…[0m Device Nodes in /dev gracefully...
[   12.530586] systemd[1]: systemd-tpm2-setup.service - TPM SRK Setup skipped, unmet condition check ConditionSecurity=measured-uki
[   12.534512] systemd[1]: Started systemd-journald.service - Journal Service.
[[0;32m  OK  [0m] Started [0;1;39msystemd-journald.service[0m - Journal Service.
[[0;32m  OK  [0m] Finished [0;1;39msystemd-udev-trigger.service[0m - Coldplug All udev Devices.
[[0;32m  OK  [0m] Mounted [0;1;39msys-fs-fuse-connections.mount[0m - FUSE Control File System.
[[0;32m  OK  [0m] Mounted [0;1;39msys-kernel-config.mount[0m - Kernel Configuration File System.
[[0;32m  OK  [0m] Finished [0;1;39msystemd-sysctl.service[0m - Apply Kernel Variables.
[[0;32m  OK  [0m] Finished [0;1;39mkeyboard-setup.service[0m - Set the console keyboard layout.
         Starting [0;1;39mifupdown-pre.service[0m - He…synchronize boot up for ifupdown...
         Starting [0;1;39msystemd-journal-flush.ser…[0msh Journal to Persistent Storage...
[[0;32m  OK  [0m] Finished [0;1;39msystemd-tmpfiles-setup-de…[0mic Device Nodes in /dev gracefully.
         Starting [0;1;39msystemd-sysusers.service[0m - Create System Users...
[[0;32m  OK  [0m] Finished [0;1;39mifupdown-pre.service[0m - He…o synchronize boot up for ifupdown.
[   12.899159] systemd-journald[401]: Received client request to flush runtime journal.
[[0;32m  OK  [0m] Finished [0;1;39msystemd-sysusers.service[0m - Create System Users.
[[0;32m  OK  [0m] Finished [0;1;39msystemd-journal-flush.ser…[0mlush Journal to Persistent Storage.
         Starting [0;1;39msystemd-tmpfiles-setup-de…[0meate Static Device Nodes in /dev...
[[0;32m  OK  [0m] Finished [0;1;39msystemd-tmpfiles-setup-de…[0mCreate Static Device Nodes in /dev.
[[0;32m  OK  [0m] Reached target [0;1;39mlocal-fs-pre.target[0m…Preparation for Local File Systems.
         Starting [0;1;39msystemd-udevd.service[0m - R…ager for Device Events and Files...
         Mounting [0;1;39mtmp.mount[0m - /tmp...
[[0;32m  OK  [0m] Mounted [0;1;39mtmp.mount[0m - /tmp.
[[0;32m  OK  [0m] Reached target [0;1;39mlocal-fs.target[0m - Local File Systems.
[[0;32m  OK  [0m] Listening on [0;1;39msystemd-sysext.socket[0m… System Extension Image Management.
         Starting [0;1;39mconsole-setup.service[0m - Set console font and keymap...
         Starting [0;1;39mnetworking.service[0m - Raise network interfaces...
         Starting [0;1;39msystemd-tmpfiles-setup.se…[0mate System Files and Directories...
[[0;32m  OK  [0m] Started [0;1;39msystemd-udevd.service[0m - Ru…anager for Device Events and Files.
[[0;32m  OK  [0m] Finished [0;1;39msystemd-tmpfiles-setup.se…[0mreate System Files and Directories.
         Starting [0;1;39melizaos-first-boot.servic…[0mzaOS first-boot setup (one-shot)...
         Starting [0;1;39mldconfig.service[0m - Rebuild Dynamic Linker Cache...
         Starting [0;1;39mlive-config.service[0m - liv…e boot process (late userspace)....
         Starting [0;1;39msystemd-journal-catalog-u…ervice[0m - Rebuild Journal Catalog...
[[0;32m  OK  [0m] Finished [0;1;39mnetworking.service[0m - Raise network interfaces.
[   14.631510] first-boot.sh[511]: [elizaos-first-boot] creating system group: elizaos
[   14.763426] first-boot.sh[511]: [elizaos-first-boot] creating system user: elizaos
[[0;32m  OK  [0m] Found device [0;1;39mdev-ttyS0.device[0m - /dev/ttyS0.
[   14.969760] first-boot.sh[511]: [elizaos-first-boot] ensuring state directory: /var/lib/elizaos
[   14.995807] first-boot.sh[511]: [elizaos-first-boot] ensuring config directory: /etc/elizaos
[   15.021202] first-boot.sh[511]: [elizaos-first-boot] writing new instance id: 2749ba1a-755c-4f45-b087-b8cc3b578a91
[[0;32m  OK  [0m] Finished [0;1;39msystemd-journal-catalog-u….service[0m - Rebuild Journal Catalog.
[   15.098155] first-boot.sh[511]: [elizaos-first-boot] emitting ready marker on /dev/ttyS0
elizaos-ready instance=2749ba1a-755c-4f45-b087-b8cc3b578a91
[   15.105810] first-boot.sh[511]: [elizaos-first-boot] elizaos-ready instance=2749ba1a-755c-4f45-b087-b8cc3b578a91
[   15.109009] first-boot.sh[511]: [elizaos-first-boot] enabling elizaos-agent.service
[   15.708745] random: crng init done
[   15.796942] systemd-ssh-generator[594]: Failed to query local AF_VSOCK CID: Cannot assign requested address
[   15.940878] systemd-gpt-auto-generator[585]: EFI loader partition unknown, exiting.
[   15.941018] systemd-gpt-auto-generator[585]: (The boot loader did not set EFI variable LoaderDevicePartUUID.)
[   16.866322] ACPI: \_SB_.L001: Enabled at IRQ 33
[   16.867206] snd_hda_intel 0000:00:01.0: enabling device (0000 -> 0002)
[   16.867612] snd_hda_intel 0000:00:01.0: Force to snoop mode by module option
[   16.971746] snd_hda_codec_generic hdaudioC0D0: autoconfig for Generic: line_outs=1 (0x3/0x0/0x0/0x0/0x0) type:line
[   16.971978] snd_hda_codec_generic hdaudioC0D0:    speaker_outs=0 (0x0/0x0/0x0/0x0/0x0)
[   16.972155] snd_hda_codec_generic hdaudioC0D0:    hp_outs=0 (0x0/0x0/0x0/0x0/0x0)
[   16.972215] snd_hda_codec_generic hdaudioC0D0:    mono: mono_out=0x0
[   16.972267] snd_hda_codec_generic hdaudioC0D0:    inputs:
[   17.105702] first-boot.sh[511]: [elizaos-first-boot] starting elizaos-agent.service
[[0;32m  OK  [0m] Finished [0;1;39msystemd-random-seed.service[0m - Load/Save OS Random Seed.
         Starting [0;1;39mmodprobe@efi_pstore.servi…[0m - Load Kernel Module efi_pstore...
[[0;32m  OK  [0m] Finished [0;1;39mmodprobe@efi_pstore.service[0m - Load Kernel Module efi_pstore.
[[0;32m  OK  [0m] Finished [0;1;39mldconfig.service[0m - Rebuild Dynamic Linker Cache.
         Starting [0;1;39msystemd-update-done.service[0m - Update is Completed...
[[0;32m  OK  [0m] Finished [0;1;39msystemd-update-done.service[0m - Update is Completed.
[[0;32m  OK  [0m] Reached target [0;1;39msysinit.target[0m - System Initialization.
[[0;32m  OK  [0m] Started [0;1;39mapt-daily.timer[0m - Daily apt download activities.
[[0;32m  OK  [0m] Started [0;1;39mapt-daily-upgrade.timer[0m - …y apt upgrade and clean activities.
[[0;32m  OK  [0m] Started [0;1;39mdpkg-db-backup.timer[0m - Daily dpkg database backup timer.
[[0;32m  OK  [0m] Started [0;1;39me2scrub_all.timer[0m - Period…Metadata Check for All Filesystems.
[[0;32m  OK  [0m] Started [0;1;39mfstrim.timer[0m - Discard unused filesystem blocks once a week.
[[0;32m  OK  [0m] Started [0;1;39mlogrotate.timer[0m - Daily rotation of log files.
[[0;32m  OK  [0m] Started [0;1;39msystemd-tmpfiles-clean.tim…[0my Cleanup of Temporary Directories.
[[0;32m  OK  [0m] Reached target [0;1;39mtimers.target[0m - Timer Units.
[[0;32m  OK  [0m] Listening on [0;1;39mdbus.socket[0m - D-Bus System Message Bus Socket.
[[0;32m  OK  [0m] Listening on [0;1;39msshd-unix-local.socke…[0mtemd-ssh-generator, AF_UNIX Local).
[[0;32m  OK  [0m] Listening on [0;1;39msystemd-hostnamed.socket[0m - Hostname Service Socket.
[[0;32m  OK  [0m] Reached target [0;1;39msockets.target[0m - Socket Units.
[[0;32m  OK  [0m] Finished [0;1;39mconsole-setup.service[0m - Set console font and keymap.
[[0;32m  OK  [0m] Finished [0;1;39mlive-config.service[0m - liv…the boot process (late userspace)..
[[0;32m  OK  [0m] Reached target [0;1;39mbasic.target[0m - Basic System.
         Starting [0;1;39malsa-restore.service[0m - Save/Restore Sound Card State...
[[0;32m  OK  [0m] Started [0;1;39mcron.service[0m - Regular background program processing daemon.
         Starting [0;1;39mdbus.service[0m - D-Bus System Message Bus...
         Starting [0;1;39me2scrub_reap.service[0m - Re…ne ext4 Metadata Check Snapshots...
         Starting [0;1;39msystemd-logind.service[0m - User Login Management...
[[0;32m  OK  [0m] Finished [0;1;39malsa-restore.service[0m - Save/Restore Sound Card State.
[[0;32m  OK  [0m] Reached target [0;1;39msound.target[0m - Sound Card.
[[0;32m  OK  [0m] Started [0;1;39mdbus.service[0m - D-Bus System Message Bus.
         Starting [0;1;39mNetworkManager.service[0m - Network Manager...
[[0;32m  OK  [0m] Started [0;1;39msystemd-logind.service[0m - User Login Management.
[[0;32m  OK  [0m] Finished [0;1;39me2scrub_reap.service[0m - Re…line ext4 Metadata Check Snapshots.
         Starting [0;1;39msystemd-hostnamed.service[0m - Hostname Service...
[[0;32m  OK  [0m] Started [0;1;39msystemd-hostnamed.service[0m - Hostname Service.
[[0;32m  OK  [0m] Listening on [0;1;39msystemd-rfkill.socket[0m…ll Switch Status /dev/rfkill Watch.
         Starting [0;1;39mNetworkManager-dispatcher…[0manager Script Dispatcher Service...
[[0;32m  OK  [0m] Started [0;1;39mNetworkManager.service[0m - Network Manager.
[[0;32m  OK  [0m] Reached target [0;1;39mnetwork.target[0m - Network.
         Starting [0;1;39mNetworkManager-wait-onlin…ce[0m - Network Manager Wait Online...
         Starting [0;1;39mssh.service[0m - OpenBSD Secure Shell server...
         Starting [0;1;39msystemd-user-sessions.service[0m - Permit User Sessions...
[[0;32m  OK  [0m] Started [0;1;39mNetworkManager-dispatcher.…[0m Manager Script Dispatcher Service.
[[0;32m  OK  [0m] Finished [0;1;39msystemd-user-sessions.service[0m - Permit User Sessions.
[[0;32m  OK  [0m] Started [0;1;39mgetty@tty1.service[0m - Getty on tty1.
[[0;32m  OK  [0m] Started [0;1;39mserial-getty@ttyS0.service[0m - Serial Getty on ttyS0.
[[0;32m  OK  [0m] Reached target [0;1;39mgetty.target[0m - Login Prompts.
[[0;32m  OK  [0m] Finished [0;1;39mNetworkManager-wait-onlin…vice[0m - Network Manager Wait Online.
[[0;32m  OK  [0m] Reached target [0;1;39mnetwork-online.target[0m - Network is Online.
[[0;32m  OK  [0m] Started [0;1;39mssh.service[0m - OpenBSD Secure Shell server.
[!p]104[?7h[6n[32766;32766H[6n[!p]104[?7h[6n[32766;32766H[6n
Debian GNU/Linux 13 debian ttyS0

debian login: user
user
Password: live

Login incorrect

debian login: id
id
Password: aplay -l || true

Login incorrect

debian login: ls -l /dev/snd || true
ls -l /dev/snd || true
Password: /opt/elizaos/kokoro/bin/kokoro-tts --model /opt/elizaos/kokoro/models/kokoro-82m-v1_0.gguf --voice /opt/elizaos/kokoro/models/voices/af_bella.bin --text "hello, i'm eliza!" --output /tmp/hello-eliza.wav

Login incorrect

debian login: ls -lh /tmp/hello-eliza.wav
ls -lh /tmp/hello-eliza.wav
Password: aplay /tmp/hello-eliza.wav

Login incorrect

debian login: echo elizaos-kokoro-audio-ok
