
OpenSBI v1.6
   ____                    _____ ____ _____
  / __ \                  / ____|  _ \_   _|
 | |  | |_ __   ___ _ __ | (___ | |_) || |
 | |  | | '_ \ / _ \ '_ \ \___ \|  _ < | |
 | |__| | |_) |  __/ | | |____) | |_) || |_
  \____/| .__/ \___|_| |_|_____/|____/_____|
        | |
        |_|

Platform Name               : riscv-virtio,qemu
Platform Features           : medeleg
Platform HART Count         : 4
Platform IPI Device         : aclint-mswi
Platform Timer Device       : aclint-mtimer @ 10000000Hz
Platform Console Device     : uart8250
Platform HSM Device         : ---
Platform PMU Device         : ---
Platform Reboot Device      : syscon-reboot
Platform Shutdown Device    : syscon-poweroff
Platform Suspend Device     : ---
Platform CPPC Device        : ---
Firmware Base               : 0x80000000
Firmware Size               : 361 KB
Firmware RW Offset          : 0x40000
Firmware RW Size            : 105 KB
Firmware Heap Offset        : 0x4e000
Firmware Heap Size          : 49 KB (total), 3 KB (reserved), 13 KB (used), 32 KB (free)
Firmware Scratch Size       : 4096 B (total), 440 B (used), 3656 B (free)
Runtime SBI Version         : 2.0
Standard SBI Extensions     : ipi,pmu,srst,hsm,rfnc,time,base,legacy,dbcn
Experimental SBI Extensions : sse,fwft,dbtr

Domain0 Name                : root
Domain0 Boot HART           : 0
Domain0 HARTs               : 0*,1*,2*,3*
Domain0 Region00            : 0x0000000000100000-0x0000000000100fff M: (I,R,W) S/U: (R,W)
Domain0 Region01            : 0x0000000010000000-0x0000000010000fff M: (I,R,W) S/U: (R,W)
Domain0 Region02            : 0x0000000002000000-0x000000000200ffff M: (I,R,W) S/U: ()
Domain0 Region03            : 0x0000000080040000-0x000000008005ffff M: (R,W) S/U: ()
Domain0 Region04            : 0x0000000080000000-0x000000008003ffff M: (R,X) S/U: ()
Domain0 Region05            : 0x000000000c400000-0x000000000c5fffff M: (I,R,W) S/U: (R,W)
Domain0 Region06            : 0x000000000c000000-0x000000000c3fffff M: (I,R,W) S/U: (R,W)
Domain0 Region07            : 0x0000000000000000-0xffffffffffffffff M: () S/U: (R,W,X)
Domain0 Next Address        : 0x0000000020000000
Domain0 Next Arg1           : 0x000000017fe00000
Domain0 Next Mode           : S-mode
Domain0 SysReset            : yes
Domain0 SysSuspend          : yes

Boot HART ID                : 0
Boot HART Domain            : root
Boot HART Priv Version      : v1.12
Boot HART Base ISA          : rv64imafdch
Boot HART ISA Extensions    : sstc,zicntr,zihpm,zicboz,zicbom,sdtrig,svadu
Boot HART PMP Count         : 16
Boot HART PMP Granularity   : 2 bits
Boot HART PMP Address Bits  : 54
Boot HART MHPM Info         : 16 (0x0007fff8)
Boot HART Debug Triggers    : 2 triggers
Boot HART MIDELEG           : 0x0000000000001666
Boot HART MEDELEG           : 0x0000000000f4b509
[2J[04D[=3h[2J[09D[2J[04D[=3h[2J[09DRISC-V EDK2 firmware version 2025.02-8+deb13u1
Press ESCAPE within 5 seconds for boot options [0m[30m[40m[2J[01;01H[0m[37m[40m[02;25HGNU GRUB  version 2.12-9+deb13u2

[01C/----------------------------------------------------------------------------\[05;02H|[76C|[06;02H|[76C|[07;02H|[76C|[08;02H|[76C|[09;02H|[76C|[10;02H|[76C|[11;02H|[76C|[12;02H|[76C|[13;02H|[76C|[14;02H|[76C|[15;02H|[76C|[16;02H|[76C|[17;02H|[76C|[18;02H|[76C|[19;02H|[76C|[20;02H|[76C|[21;02H|[76C|[22;02H|[76C|[23;02H|[76C|[24;02H|[76C|[25;02H|[76C|[26;02H|[76C|[27;02H|[76C|[28;02H|[76C|[29;02H|[76C|[30;02H|[76C|[31;02H|[76C|[32;02H|[76C|[33;02H|[76C|[34;02H|[76C|[35;02H|[76C|[36;02H|[76C|[37;02H|[76C|[38;02H|[76C|[39;02H|[76C|[40;02H|[76C|[41;02H|[76C|[42;02H|[76C|[43;02H\----------------------------------------------------------------------------/[44;02H[45;02H     Use the ^ and v keys to select which entry is highlighted.          
      Press enter to boot the selected OS, `e' to edit the commands       
      before booting or `c' for a command-line.                           [05;80H 
[0m[30m[47m[05;03H*elizaOS Live (RISC-V 64)                                                   [0m[37m[40m[01D[06;03H elizaOS Live (RISC-V 64, verbose)                                          [01D[07;03H                                                                            [01D[08;03H                                                                            [01D[09;03H                                                                            [01D[10;03H                                                                            [01D[11;03H                                                                            [01D[12;03H                                                                            [01D[13;03H                                                                            [01D[14;03H                                                                            [01D[15;03H                                                                            [01D[16;03H                                                                            [01D[17;03H                                                                            [01D[18;03H                                                                            [01D[19;03H                                                                            [01D[20;03H                                                                            [01D[21;03H                                                                            [01D[22;03H                                                                            [01D[23;03H                                                                            [01D[24;03H                                                                            [01D[25;03H                                                                            [01D[26;03H                                                                            [01D[27;03H                                                                            [01D[28;03H                                                                            [01D[29;03H                                                                            [01D[30;03H                                                                            [01D[31;03H                                                                            [01D[32;03H                                                                            [01D[33;03H                                                                            [01D[34;03H                                                                            [01D[35;03H                                                                            [01D[36;03H                                                                            [01D[37;03H                                                                            [01D[38;03H                                                                            [01D[39;03H                                                                            [01D[40;03H                                                                            [01D[41;03H                                                                            [01D[42;03H                                                                            [01D[02C 
[05;78H[48;01H   The highlighted entry will be executed automatically in 5s.                 [05;78H[48;01H   The highlighted entry will be executed automatically in 4s.                 [05;78H[48;01H   The highlighted entry will be executed automatically in 3s.                 [05;78H[48;01H   The highlighted entry will be executed automatically in 2s.                 [05;78H[48;01H   The highlighted entry will be executed automatically in 1s.                 [05;78H[48;01H   The highlighted entry will be executed automatically in 0s.                 [05;78H[0m[30m[40m[2J[01;01H[0m[37m[40m[0m[30m[40m[2J[04D[0m[37m[40m  Booting `elizaOS Live (RISC-V 64)'

EFI stub: Booting Linux Kernel...
EFI stub: Loaded initrd from LINUX_EFI_INITRD_MEDIA_GUID device path
EFI stub: Generating empty DTB
EFI stub: Exiting boot services...
[    0.000000] Linux version 6.12.88+deb13-riscv64 (debian-kernel@lists.debian.org) (riscv64-linux-gnu-gcc-14 (Debian 14.2.0-19) 14.2.0, GNU ld (GNU Binutils for Debian) 2.44) #1 SMP Debian 6.12.88-1 (2026-05-15)
[    0.000000] SBI specification v2.0 detected
[    0.000000] SBI implementation ID=0x1 Version=0x10006
[    0.000000] SBI TIME extension detected
[    0.000000] SBI IPI extension detected
[    0.000000] SBI RFENCE extension detected
[    0.000000] SBI SRST extension detected
[    0.000000] SBI DBCN extension detected
[    0.000000] earlycon: sbi0 at I/O port 0x0 (options '')
[    0.000000] printk: legacy bootconsole [sbi0] enabled
[    0.000000] efi: EFI v2.7 by Debian distribution of EDK II
[    0.000000] efi: SMBIOS 3.0=0x17ff5b000 MEMATTR=0x17f367118 ACPI=0xfffff000 ACPI 2.0=0xfffff014 INITRD=0x17f2b8e98 MEMRESERVE=0x17f2b8d18 
[    0.000000] secureboot: Secure boot disabled
[    0.000000] ACPI: Early table checksum verification disabled
[    0.000000] ACPI: RSDP 0x00000000FFFFF014 000024 (v02 BOCHS )
[    0.000000] ACPI: XSDT 0x00000000FFFFE0E8 00004C (v01 BOCHS  BXPC     00000001      01000013)
[    0.000000] ACPI: FACP 0x00000000FFFFC000 000114 (v06 BOCHS  BXPC     00000001 BXPC 00000001)
[    0.000000] ACPI: DSDT 0x00000000FFFFD000 000ED8 (v02 BOCHS  BXPC     00000001 BXPC 00000001)
[    0.000000] ACPI: APIC 0x00000000FFFFB000 0000E0 (v06 BOCHS  BXPC     00000001 BXPC 00000001)
[    0.000000] ACPI: RHCT 0x00000000FFFFA000 0001E2 (v01 BOCHS  BXPC     00000001 BXPC 00000001)
[    0.000000] ACPI: SPCR 0x00000000FFFF9000 00005A (v04 BOCHS  BXPC     00000001 BXPC 00000001)
[    0.000000] ACPI: MCFG 0x00000000FFFF8000 00003C (v01 BOCHS  BXPC     00000001 BXPC 00000001)
[    0.000000] ACPI: SPCR: console: uart,mmio,0x10000000,115200
[    0.000000] NUMA: Faking a node at [mem 0x0000000080000000-0x000000017fffffff]
[    0.000000] NODE_DATA(0) allocated [mem 0x17fc30bc0-0x17fc32fff]
[    0.000000] Zone ranges:
[    0.000000]   DMA32    [mem 0x0000000080000000-0x00000000ffffffff]
[    0.000000]   Normal   [mem 0x0000000100000000-0x000000017fffffff]
[    0.000000]   Device   empty
[    0.000000] Movable zone start for each node
[    0.000000] Early memory node ranges
[    0.000000]   node   0: [mem 0x0000000080000000-0x000000008005ffff]
[    0.000000]   node   0: [mem 0x0000000080060000-0x000000017f61bfff]
[    0.000000]   node   0: [mem 0x000000017f61c000-0x000000017f6dcfff]
[    0.000000]   node   0: [mem 0x000000017f6dd000-0x000000017fe3cfff]
[    0.000000]   node   0: [mem 0x000000017fe3d000-0x000000017fffefff]
[    0.000000]   node   0: [mem 0x000000017ffff000-0x000000017fffffff]
[    0.000000] Initmem setup node 0 [mem 0x0000000080000000-0x000000017fffffff]
[    0.000000] SBI HSM extension detected
[    0.000000] riscv: base ISA extensions acdfhim
[    0.000000] riscv: ELF capabilities acdfim
[    0.000000] percpu: Embedded 32 pages/cpu s90264 r8192 d32616 u131072
[    0.000000] Kernel command line: BOOT_IMAGE=/live/vmlinux-6.12.88+deb13-riscv64 boot=live components earlycon=sbi console=ttyS0,115200n8
[    0.000000] Unknown kernel command line parameters "components boot=live", will be passed to user space.
[    0.000000] Dentry cache hash table entries: 524288 (order: 10, 4194304 bytes, linear)
[    0.000000] Inode-cache hash table entries: 262144 (order: 9, 2097152 bytes, linear)
[    0.000000] Fallback order for Node 0: 0 
[    0.000000] Built 1 zonelists, mobility grouping on.  Total pages: 1048576
[    0.000000] Policy zone: Normal
[    0.000000] mem auto-init: stack:all(zero), heap alloc:on, heap free:off
[    0.000000] software IO TLB: area num 4.
[    0.000000] software IO TLB: mapped [mem 0x00000000fbff8000-0x00000000ffff8000] (64MB)
[    0.000000] SLUB: HWalign=64, Order=0-3, MinObjects=0, CPUs=4, Nodes=1
[    0.000000] ftrace: allocating 39400 entries in 154 pages
[    0.000000] ftrace: allocated 154 pages with 4 groups
[    0.000000] rcu: Hierarchical RCU implementation.
[    0.000000] rcu: 	RCU restricting CPUs from NR_CPUS=64 to nr_cpu_ids=4.
[    0.000000] 	Rude variant of Tasks RCU enabled.
[    0.000000] 	Tracing variant of Tasks RCU enabled.
[    0.000000] rcu: RCU calculated value of scheduler-enlistment delay is 25 jiffies.
[    0.000000] rcu: Adjusting geometry for rcu_fanout_leaf=16, nr_cpu_ids=4
[    0.000000] RCU Tasks Rude: Setting shift to 2 and lim to 1 rcu_task_cb_adjust=1 rcu_task_cpu_ids=4.
[    0.000000] RCU Tasks Trace: Setting shift to 2 and lim to 1 rcu_task_cb_adjust=1 rcu_task_cpu_ids=4.
[    0.000000] NR_IRQS: 64, nr_irqs: 64, preallocated irqs: 0
[    0.000000] riscv-intc: 64 local interrupts mapped
[    0.000000] riscv: providing IPIs using SBI IPI extension
[    0.000000] rcu: srcu_init: Setting srcu_struct sizes based on contention.
[    0.000000] clocksource: riscv_clocksource: mask: 0xffffffffffffffff max_cycles: 0x24e6a1710, max_idle_ns: 440795202120 ns
[    0.000044] sched_clock: 64 bits at 10MHz, resolution 100ns, wraps every 4398046511100ns
[    0.000196] riscv-timer: Timer interrupt in S-mode is available via sstc extension
[    0.003472] Console: colour dummy device 80x25
[    0.007481] ACPI: Core revision 20240827
[    0.010166] Calibrating delay loop (skipped), value calculated using timer frequency.. 20.00 BogoMIPS (lpj=40000)
[    0.010460] pid_max: default: 32768 minimum: 301
[    0.013371] LSM: initializing lsm=lockdown,capability,landlock,yama,apparmor,tomoyo,bpf,ipe,ima,evm
[    0.014922] landlock: Up and running.
[    0.014987] Yama: disabled by default; enable with sysctl kernel.yama.*
[    0.017590] AppArmor: AppArmor initialized
[    0.018100] TOMOYO Linux initialized
[    0.021251] LSM support for eBPF active
[    0.023570] Mount-cache hash table entries: 8192 (order: 4, 65536 bytes, linear)
[    0.023708] Mountpoint-cache hash table entries: 8192 (order: 4, 65536 bytes, linear)
[    0.046429] ACPI PPTT: No PPTT table found, CPU and cache topology may be inaccurate
[    0.054223] ASID allocator using 16 bits (65536 entries)
[    0.055289] rcu: Hierarchical SRCU implementation.
[    0.055365] rcu: 	Max phase no-delay instances is 1000.
[    0.056522] Timer migration: 1 hierarchy levels; 8 children per group; 1 crossnode level
[    0.059048] Remapping and enabling EFI services.
[    0.064024] smp: Bringing up secondary CPUs ...
[    0.075551] smp: Brought up 1 node, 4 CPUs
[    0.098354] node 0 deferred pages initialised in 12ms
[    0.099094] Memory: 3933460K/4194304K available (10725K kernel code, 5221K rwdata, 10240K rodata, 2692K init, 697K bss, 255380K reserved, 0K cma-reserved)
[    0.107320] devtmpfs: initialized
[    0.118739] clocksource: jiffies: mask: 0xffffffff max_cycles: 0xffffffff, max_idle_ns: 7645041785100000 ns
[    0.120377] futex hash table entries: 1024 (order: 4, 65536 bytes, linear)
[    0.123384] pinctrl core: initialized pinctrl subsystem
[    0.131904] SMBIOS 3.0.0 present.
[    0.132069] DMI: QEMU QEMU Virtual Machine, BIOS 2025.02-8+deb13u1 11/08/2025
[    0.132285] DMI: Memory slots populated: 1/1
[    0.137923] NET: Registered PF_NETLINK/PF_ROUTE protocol family
[    0.140747] DMA: preallocated 512 KiB GFP_KERNEL pool for atomic allocations
[    0.142011] DMA: preallocated 512 KiB GFP_KERNEL|GFP_DMA32 pool for atomic allocations
[    0.142259] audit: initializing netlink subsys (disabled)
[    0.144102] audit: type=2000 audit(0.136:1): state=initialized audit_enabled=0 res=1
[    0.146718] thermal_sys: Registered thermal governor 'fair_share'
[    0.146749] thermal_sys: Registered thermal governor 'bang_bang'
[    0.146838] thermal_sys: Registered thermal governor 'step_wise'
[    0.146896] thermal_sys: Registered thermal governor 'user_space'
[    0.146956] thermal_sys: Registered thermal governor 'power_allocator'
[    0.147283] cpuidle: using governor ladder
[    0.147457] cpuidle: using governor menu
[    0.175285] cpu1: Ratio of byte access time to unaligned word access is 7.77, unaligned accesses are fast
[    0.175304] cpu3: Ratio of byte access time to unaligned word access is 7.88, unaligned accesses are fast
[    0.175310] cpu2: Ratio of byte access time to unaligned word access is 7.30, unaligned accesses are fast
[    0.199338] cpu0: Ratio of byte access time to unaligned word access is 7.75, unaligned accesses are fast
[    0.220019] HugeTLB: registered 1.00 GiB page size, pre-allocated 0 pages
[    0.220115] HugeTLB: 16380 KiB vmemmap can be freed for a 1.00 GiB page
[    0.220184] HugeTLB: registered 2.00 MiB page size, pre-allocated 0 pages
[    0.220251] HugeTLB: 28 KiB vmemmap can be freed for a 2.00 MiB page
[    0.234459] ACPI: Added _OSI(Module Device)
[    0.234533] ACPI: Added _OSI(Processor Device)
[    0.234578] ACPI: Added _OSI(Processor Aggregator Device)
[    0.242602] ACPI: 1 ACPI AML tables successfully acquired and loaded
[    0.246808] ACPI: Interpreter enabled
[    0.246872] ACPI: Using RINTC for interrupt routing
[    0.247168] ACPI: MCFG table detected, 1 entries
[    0.269045] iommu: Default domain type: Translated
[    0.269156] iommu: DMA domain TLB invalidation policy: strict mode
[    0.271481] pps_core: LinuxPPS API ver. 1 registered
[    0.271545] pps_core: Software ver. 5.3.6 - Copyright 2005-2007 Rodolfo Giometti <giometti@linux.it>
[    0.271659] PTP clock support registered
[    0.274875] efivars: Registered efivars operations
[    0.281809] NetLabel: Initializing
[    0.281868] NetLabel:  domain hash size = 128
[    0.281914] NetLabel:  protocols = UNLABELED CIPSOv4 CALIPSO
[    0.282564] NetLabel:  unlabeled traffic allowed by default
[    0.285734] vgaarb: loaded
[    0.286962] clocksource: Switched to clocksource riscv_clocksource
[    0.294476] VFS: Disk quotas dquot_6.6.0
[    0.295114] VFS: Dquot-cache hash table entries: 512 (order 0, 4096 bytes)
[    0.303508] AppArmor: AppArmor Filesystem Enabled
[    0.304032] pnp: PnP ACPI init
[    0.304568] pnp: PnP ACPI: found 0 devices
[    0.325084] NET: Registered PF_INET protocol family
[    0.328749] IP idents hash table entries: 65536 (order: 7, 524288 bytes, linear)
[    0.372377] tcp_listen_portaddr_hash hash table entries: 2048 (order: 3, 32768 bytes, linear)
[    0.372601] Table-perturb hash table entries: 65536 (order: 6, 262144 bytes, linear)
[    0.372815] TCP established hash table entries: 32768 (order: 6, 262144 bytes, linear)
[    0.373716] TCP bind hash table entries: 32768 (order: 8, 1048576 bytes, linear)
[    0.374059] TCP: Hash tables configured (established 32768 bind 32768)
[    0.375349] MPTCP token hash table entries: 4096 (order: 5, 98304 bytes, linear)
[    0.375752] UDP hash table entries: 2048 (order: 4, 65536 bytes, linear)
[    0.375993] UDP-Lite hash table entries: 2048 (order: 4, 65536 bytes, linear)
[    0.377380] NET: Registered PF_UNIX/PF_LOCAL protocol family
[    0.377754] NET: Registered PF_XDP protocol family
[    0.377960] PCI: CLS 0 bytes, default 64
[    0.381258] Initialise system trusted keyrings
[    0.382363] Trying to unpack rootfs image as initramfs...
[    0.382842] Key type blacklist registered
[    0.383881] workingset: timestamp_bits=44 max_order=20 bucket_order=0
[    0.384178] zbud: loaded
[    0.386484] fuse: init (API version 7.41)
[    0.389498] integrity: Platform Keyring initialized
[    0.389794] integrity: Machine keyring initialized
[    0.479765] Key type asymmetric registered
[    0.480109] Asymmetric key parser 'x509' registered
[    1.008511] Freeing initrd memory: 46208K
[    1.099476] Block layer SCSI generic (bsg) driver version 0.4 loaded (major 247)
[    1.100412] io scheduler mq-deadline registered
[    1.119144] riscv-plic: IC00: mapped 95 interrupts with 4 handlers for 4 contexts.
[    1.126036] ACPI: PCI: Interrupt link L000 configured for IRQ 32
[    1.126317] ACPI: PCI: Interrupt link L001 configured for IRQ 33
[    1.126540] ACPI: PCI: Interrupt link L002 configured for IRQ 34
[    1.126911] ACPI: PCI: Interrupt link L003 configured for IRQ 35
[    1.127082] ledtrig-cpu: registered to indicate activity on CPUs
[    1.127564] ACPI: PCI Root Bridge [PCI0] (domain 0000 [bus 00-ff])
[    1.128854] acpi PNP0A08:00: _OSC: OS supports [ExtendedConfig ASPM ClockPM Segments MSI HPX-Type3]
[    1.133184] acpi PNP0A08:00: _OSC: platform does not support [LTR]
[    1.133966] acpi PNP0A08:00: _OSC: OS now controls [PME AER PCIeCapability]
[    1.135409] acpi PNP0A08:00: ECAM area [mem 0x30000000-0x3fffffff] reserved by PNP0C02:00
[    1.135754] acpi PNP0A08:00: ECAM at [mem 0x30000000-0x3fffffff] for [bus 00-ff]
[    1.136350] ACPI: Remapped I/O 0x0000000003000000 to [io  0x0000-0xffff window]
[    1.138078] PCI host bridge to bus 0000:00
[    1.138469] pci_bus 0000:00: root bus resource [mem 0x40000000-0x7fffffff window]
[    1.138578] pci_bus 0000:00: root bus resource [io  0x0000-0xffff window]
[    1.138669] pci_bus 0000:00: root bus resource [mem 0x400000000-0x7ffffffff window]
[    1.139171] pci_bus 0000:00: root bus resource [bus 00-ff]
[    1.140485] pci 0000:00:00.0: [1b36:0008] type 00 class 0x060000 conventional PCI endpoint
[    1.140526] SBI CPPC extension NOT detected!!
[    1.142950] Serial: 8250/16550 driver, 4 ports, IRQ sharing disabled
[    1.143815] pci 0000:00:01.0: [1af4:1001] type 00 class 0x010000 conventional PCI endpoint
[    1.144646] pci 0000:00:01.0: BAR 0 [io  0x0000-0x007f]
[    1.144963] pci 0000:00:01.0: BAR 1 [mem 0x40000000-0x40000fff]
[    1.145737] pci 0000:00:01.0: BAR 4 [mem 0x400000000-0x400003fff 64bit pref]
[    1.147989] pci 0000:00:01.0: BAR 4 [mem 0x400000000-0x400003fff 64bit pref]: assigned
[    1.148337] pci 0000:00:01.0: BAR 1 [mem 0x40000000-0x40000fff]: assigned
[    1.148445] pci 0000:00:01.0: BAR 0 [io  0x0080-0x00ff]: assigned
[    1.148997] pci_bus 0000:00: resource 4 [mem 0x40000000-0x7fffffff window]
[    1.149116] pci_bus 0000:00: resource 5 [io  0x0000-0xffff window]
[    1.149198] pci_bus 0000:00: resource 6 [mem 0x400000000-0x7ffffffff window]
[    1.153195] ACPI: \_SB_.L001: Enabled at IRQ 33
[    1.153294] printk: legacy console [ttyS0] disabled
[    1.153843] virtio-pci 0000:00:01.0: enabling device (0005 -> 0007)
[    1.176440] RSCV0003:00: ttyS0 at MMIO 0x10000000 (irq = 12, base_baud = 230400) is a 16550A
[    1.177752] printk: legacy console [ttyS0] enabled
[    1.177752] printk: legacy console [ttyS0] enabled
[    1.178184] printk: legacy bootconsole [sbi0] disabled
[    1.178184] printk: legacy bootconsole [sbi0] disabled
[    1.183959] mousedev: PS/2 mouse device common for all mice
[    1.187764] riscv-pmu-sbi: SBI PMU extension is available
[    1.188195] riscv-pmu-sbi: 16 firmware and 18 hardware counters
[    1.188304] riscv-pmu-sbi: Perf sampling/filtering is not supported as sscof extension is not available
[    1.191922] NET: Registered PF_INET6 protocol family
[    1.226488] Segment Routing with IPv6
[    1.226842] In-situ OAM (IOAM) with IPv6
[    1.227256] mip6: Mobile IPv6
[    1.227486] NET: Registered PF_PACKET protocol family
[    1.228106] mpls_gso: MPLS GSO support
[    1.238285] registered taskstats version 1
[    1.241323] Loading compiled-in X.509 certificates
[    1.316448] Loaded X.509 cert 'Build time autogenerated kernel key: 0b47c0179ab50c30ef634db5a1db058481b478b4'
[    1.326662] Demotion targets for Node 0: null
[    1.330974] Key type .fscrypt registered
[    1.331058] Key type fscrypt-provisioning registered
[    1.467573] Key type encrypted registered
[    1.467754] AppArmor: AppArmor sha256 policy hashing enabled
[    1.469772] ima: No TPM chip found, activating TPM-bypass!
[    1.469882] ima: Allocated hash algorithm: sha256
[    1.471110] ima: No architecture policies found
[    1.471700] evm: Initialising EVM extended attributes:
[    1.471773] evm: security.selinux
[    1.471834] evm: security.SMACK64 (disabled)
[    1.471889] evm: security.SMACK64EXEC (disabled)
[    1.471947] evm: security.SMACK64TRANSMUTE (disabled)
[    1.472003] evm: security.SMACK64MMAP (disabled)
[    1.472059] evm: security.apparmor
[    1.472098] evm: security.ima
[    1.472137] evm: security.capability
[    1.472183] evm: HMAC attrs: 0x1
[    1.533327] clk: Disabling unused clocks
[    1.533663] PM: genpd: Disabling unused power domains
[    1.625792] Freeing unused kernel image (initmem) memory: 2692K
[    1.626943] Run /init as init process
Loading, please wait...
Starting systemd-udevd version 257.13-1~deb13u1
[    2.534151] virtio_blk virtio0: 4/0/0 default/read/poll queues
[    2.548361] virtio_blk virtio0: [vda] 1489312 512-byte logical blocks (763 MB/727 MiB)
Begin: Loading essential drivers ... done.
Begin: Running /scripts/init-premount ... done.
Begin: Mounting root file system ... Begin: Running /scripts/live-top ... done.
Begin: Running /scripts/live-premount ... done.
[    3.475420] loop: module loaded
[    3.532547] loop0: detected capacity change from 0 to 1308648
[    3.654549] squashfs: version 4.0 (2009/01/31) Phillip Lougher
[    3.772030] evm: overlay not supported
Begin: Running /scripts/live-realpremount ... done.
Begin: Mounting "/run/live/medium/live/filesystem.squashfs" on "/run/live/rootfs/filesystem.squashfs" via "/dev/loop0" ... done.
done.
done.
Begin: Running /scripts/live-bottom ... done.
Begin: Running /scripts/init-bottom ... done.
[    5.058552] Not activating Mandatory Access Control as /sbin/tomoyo-init does not exist.
[    6.256913] systemd[1]: System time advanced to built-in epoch: Mon 2026-04-13 19:38:05 UTC
[    6.380887] systemd[1]: Inserted module 'autofs4'
[!p]104[?7h[    6.746639] systemd[1]: systemd 257.13-1~deb13u1 running in system mode (+PAM +AUDIT +SELINUX +APPARMOR +IMA +IPE +SMACK +SECCOMP +GCRYPT -GNUTLS +OPENSSL +ACL +BLKID +CURL +ELFUTILS +FIDO2 +IDN2 -IDN +IPTC +KMOD +LIBCRYPTSETUP +LIBCRYPTSETUP_PLUGINS +LIBFDISK +PCRE2 +PWQUALITY +P11KIT +QRENCODE +TPM2 +BZIP2 +LZ4 +XZ +ZLIB +ZSTD +BPF_FRAMEWORK +BTF -XKBCOMMON -UTMP +SYSVINIT +LIBARCHIVE)
[    6.747283] systemd[1]: Detected virtualization qemu.
[    6.747583] systemd[1]: Detected architecture riscv64.

[0;1;39mWelcome to [0m[1mDebian GNU/Linux 13 (trixie)[0m[0;1;39m![0m

[    6.806272] systemd[1]: Hostname set to <localhost.localdomain>.
[    6.827964] systemd[1]: Initializing machine ID from random generator.
[    7.966289] systemd[1]: bpf-restrict-fs: LSM BPF program attached
[    8.079974] systemd-gpt-auto-generator[359]: EFI loader partition unknown, exiting.
[    8.080184] systemd-gpt-auto-generator[359]: (The boot loader did not set EFI variable LoaderDevicePartUUID.)
[    8.186300] NET: Registered PF_VSOCK protocol family
[    8.244079] systemd-ssh-generator[363]: Failed to query local AF_VSOCK CID: Cannot assign requested address
[    8.247114] (sd-exec-[354]: /usr/lib/systemd/system-generators/systemd-ssh-generator failed with exit status 1.
[    9.242425] systemd[1]: Queued start job for default target graphical.target.
[    9.357196] systemd[1]: Created slice system-getty.slice - Slice /system/getty.
[[0;32m  OK  [0m] Created slice [0;1;39msystem-getty.slice[0m - Slice /system/getty.
[    9.364297] systemd[1]: Created slice system-modprobe.slice - Slice /system/modprobe.
[[0;32m  OK  [0m] Created slice [0;1;39msystem-modprobe.slice[0m - Slice /system/modprobe.
[    9.368060] systemd[1]: Created slice system-serial\x2dgetty.slice - Slice /system/serial-getty.
[[0;32m  OK  [0m] Created slice [0;1;39msystem-serial\x2dget…slice[0m - Slice /system/serial-getty.
[    9.371370] systemd[1]: Created slice user.slice - User and Session Slice.
[[0;32m  OK  [0m] Created slice [0;1;39muser.slice[0m - User and Session Slice.
[    9.373558] systemd[1]: Started systemd-ask-password-console.path - Dispatch Password Requests to Console Directory Watch.
[[0;32m  OK  [0m] Started [0;1;39msystemd-ask-password-conso…[0mequests to Console Directory Watch.
[    9.374950] systemd[1]: Started systemd-ask-password-wall.path - Forward Password Requests to Wall Directory Watch.
[[0;32m  OK  [0m] Started [0;1;39msystemd-ask-password-wall.…[0md Requests to Wall Directory Watch.
[    9.379570] systemd[1]: Set up automount proc-sys-fs-binfmt_misc.automount - Arbitrary Executable File Formats File System Automount Point.
[[0;32m  OK  [0m] Set up automount [0;1;39mproc-sys-fs-binfm…[0mormats File System Automount Point.
[    9.380930] systemd[1]: Expecting device dev-ttyS0.device - /dev/ttyS0...
         Expecting device [0;1;39mdev-ttyS0.device[0m - /dev/ttyS0...
[    9.381900] systemd[1]: Reached target paths.target - Path Units.
[[0;32m  OK  [0m] Reached target [0;1;39mpaths.target[0m - Path Units.
[    9.382936] systemd[1]: Reached target remote-fs.target - Remote File Systems.
[[0;32m  OK  [0m] Reached target [0;1;39mremote-fs.target[0m - Remote File Systems.
[    9.383739] systemd[1]: Reached target slices.target - Slice Units.
[[0;32m  OK  [0m] Reached target [0;1;39mslices.target[0m - Slice Units.
[    9.384702] systemd[1]: Reached target swap.target - Swaps.
[[0;32m  OK  [0m] Reached target [0;1;39mswap.target[0m - Swaps.
[    9.399242] systemd[1]: Listening on systemd-creds.socket - Credential Encryption/Decryption.
[[0;32m  OK  [0m] Listening on [0;1;39msystemd-creds.socket[0m - Credential Encryption/Decryption.
[    9.401298] systemd[1]: Listening on systemd-initctl.socket - initctl Compatibility Named Pipe.
[[0;32m  OK  [0m] Listening on [0;1;39msystemd-initctl.socke…[0m- initctl Compatibility Named Pipe.
[    9.403353] systemd[1]: Listening on systemd-journald-dev-log.socket - Journal Socket (/dev/log).
[[0;32m  OK  [0m] Listening on [0;1;39msystemd-journald-dev-…socket[0m - Journal Socket (/dev/log).
[    9.404805] systemd[1]: Listening on systemd-journald.socket - Journal Sockets.
[[0;32m  OK  [0m] Listening on [0;1;39msystemd-journald.socket[0m - Journal Sockets.
[    9.405908] systemd[1]: systemd-pcrextend.socket - TPM PCR Measurements skipped, unmet condition check ConditionSecurity=measured-uki
[    9.406256] systemd[1]: systemd-pcrlock.socket - Make TPM PCR Policy skipped, unmet condition check ConditionSecurity=measured-uki
[    9.407326] systemd[1]: Listening on systemd-udevd-control.socket - udev Control Socket.
[[0;32m  OK  [0m] Listening on [0;1;39msystemd-udevd-control.socket[0m - udev Control Socket.
[    9.408536] systemd[1]: Listening on systemd-udevd-kernel.socket - udev Kernel Socket.
[[0;32m  OK  [0m] Listening on [0;1;39msystemd-udevd-kernel.socket[0m - udev Kernel Socket.
[    9.438680] systemd[1]: Mounting dev-hugepages.mount - Huge Pages File System...
         Mounting [0;1;39mdev-hugepages.mount[0m - Huge Pages File System...
[    9.447907] systemd[1]: Mounting dev-mqueue.mount - POSIX Message Queue File System...
         Mounting [0;1;39mdev-mqueue.mount[0m - POSIX Message Queue File System...
[    9.456868] systemd[1]: Mounting run-lock.mount - Legacy Locks Directory /run/lock...
         Mounting [0;1;39mrun-lock.mount[0m - Legacy Locks Directory /run/lock...
[    9.466059] systemd[1]: Mounting sys-kernel-debug.mount - Kernel Debug File System...
         Mounting [0;1;39msys-kernel-debug.mount[0m - Kernel Debug File System...
[    9.488305] systemd[1]: Mounting sys-kernel-tracing.mount - Kernel Trace File System...
         Mounting [0;1;39msys-kernel-tracing.mount[0m - Kernel Trace File System...
[    9.525701] systemd[1]: Starting keyboard-setup.service - Set the console keyboard layout...
         Starting [0;1;39mkeyboard-setup.service[0m - Set the console keyboard layout...
[    9.559423] systemd[1]: Starting kmod-static-nodes.service - Create List of Static Device Nodes...
         Starting [0;1;39mkmod-static-nodes.service[0m…eate List of Static Device Nodes...
[    9.578062] systemd[1]: Starting modprobe@configfs.service - Load Kernel Module configfs...
         Starting [0;1;39mmodprobe@configfs.service[0m - Load Kernel Module configfs...
[    9.604296] systemd[1]: Starting modprobe@drm.service - Load Kernel Module drm...
         Starting [0;1;39mmodprobe@drm.service[0m - Load Kernel Module drm...
[    9.619000] systemd[1]: Starting modprobe@efi_pstore.service - Load Kernel Module efi_pstore...
         Starting [0;1;39mmodprobe@efi_pstore.servi…[0m - Load Kernel Module efi_pstore...
[    9.640323] systemd[1]: Starting modprobe@fuse.service - Load Kernel Module fuse...
         Starting [0;1;39mmodprobe@fuse.service[0m - Load Kernel Module fuse...
[    9.641433] systemd[1]: systemd-hibernate-clear.service - Clear Stale Hibernate Storage Info skipped, unmet condition check ConditionPathExists=/sys/firmware/efi/efivars/HibernateLocation-8cf2644b-4b0b-428f-9387-6d876050dc67
[    9.735519] systemd[1]: Starting systemd-journald.service - Journal Service...
         Starting [0;1;39msystemd-journald.service[0m - Journal Service...
[    9.756391] systemd[1]: Starting systemd-modules-load.service - Load Kernel Modules...
         Starting [0;1;39msystemd-modules-load.service[0m - Load Kernel Modules...
[    9.757220] systemd[1]: systemd-pcrmachine.service - TPM PCR Machine ID Measurement skipped, unmet condition check ConditionSecurity=measured-uki
[    9.768085] systemd[1]: Starting systemd-remount-fs.service - Remount Root and Kernel File Systems...
         Starting [0;1;39msystemd-remount-fs.servic…[0munt Root and Kernel File Systems...
[    9.771227] systemd[1]: systemd-tpm2-setup-early.service - Early TPM SRK Setup skipped, unmet condition check ConditionSecurity=measured-uki
[    9.788143] systemd[1]: Starting systemd-udev-load-credentials.service - Load udev Rules from Credentials...
         Starting [0;1;39msystemd-udev-load-credent…[0mLoad udev Rules from Credentials...
[    9.802204] systemd[1]: Starting systemd-udev-trigger.service - Coldplug All udev Devices...
         Starting [0;1;39msystemd-udev-trigger.service[0m - Coldplug All udev Devices...
[    9.939500] systemd[1]: Mounted dev-hugepages.mount - Huge Pages File System.
[[0;32m  OK  [0m] Mounted [0;1;39mdev-hugepages.mount[0m - Huge Pages File System.
[    9.944666] systemd[1]: Mounted dev-mqueue.mount - POSIX Message Queue File System.
[[0;32m  OK  [0m] Mounted [0;1;39mdev-mqueue.mount[0m - POSIX Message Queue File System.
[    9.952558] systemd[1]: Mounted run-lock.mount - Legacy Locks Directory /run/lock.
[[0;32m  OK  [0m] Mounted [0;1;39mrun-lock.mount[0m - Legacy Locks Directory /run/lock.
[    9.954682] systemd[1]: Mounted sys-kernel-debug.mount - Kernel Debug File System.
[[0;32m  OK  [0m] Mounted [0;1;39msys-kernel-debug.mount[0m - Kernel Debug File System.
[    9.960388] systemd[1]: Mounted sys-kernel-tracing.mount - Kernel Trace File System.
[[0;32m  OK  [0m] Mounted [0;1;39msys-kernel-tracing.mount[0m - Kernel Trace File System.
[    9.969927] systemd[1]: Finished kmod-static-nodes.service - Create List of Static Device Nodes.
[[0;32m  OK  [0m] Finished [0;1;39mkmod-static-nodes.service[0m…Create List of Static Device Nodes.
[    9.976746] systemd[1]: modprobe@configfs.service: Deactivated successfully.
[    9.978981] systemd[1]: Finished modprobe@configfs.service - Load Kernel Module configfs.
[[0;32m  OK  [0m] Finished [0;1;39mmodprobe@configfs.service[0m - Load Kernel Module configfs.
[    9.980479] ACPI: bus type drm_connector registered
[    9.984805] systemd[1]: modprobe@efi_pstore.service: Deactivated successfully.
[    9.986559] systemd[1]: Finished modprobe@efi_pstore.service - Load Kernel Module efi_pstore.
[[0;32m  OK  [0m] Finished [0;1;39mmodprobe@efi_pstore.service[0m - Load Kernel Module efi_pstore.
[    9.990362] systemd[1]: modprobe@drm.service: Deactivated successfully.
[    9.992307] systemd[1]: Finished modprobe@drm.service - Load Kernel Module drm.
[[0;32m  OK  [0m] Finished [0;1;39mmodprobe@drm.service[0m - Load Kernel Module drm.
[    9.998465] systemd[1]: modprobe@fuse.service: Deactivated successfully.
[   10.023926] systemd[1]: Finished modprobe@fuse.service - Load Kernel Module fuse.
[[0;32m  OK  [0m] Finished [0;1;39mmodprobe@fuse.service[0m - Load Kernel Module fuse.
[   10.056380] systemd[1]: Finished systemd-modules-load.service - Load Kernel Modules.
[[0;32m  OK  [0m] Finished [0;1;39msystemd-modules-load.service[0m - Load Kernel Modules.
[   10.085604] systemd[1]: Mounting sys-fs-fuse-connections.mount - FUSE Control File System...
         Mounting [0;1;39msys-fs-fuse-connections.mount[0m - FUSE Control File System...
[   10.112754] systemd-journald[402]: Collecting audit messages is disabled.
[   10.120921] systemd[1]: Mounting sys-kernel-config.mount - Kernel Configuration File System...
         Mounting [0;1;39msys-kernel-config.mount[0m - Kernel Configuration File System...
[   10.174007] systemd[1]: Starting systemd-sysctl.service - Apply Kernel Variables...
         Starting [0;1;39msystemd-sysctl.service[0m - Apply Kernel Variables...
[   10.228796] systemd[1]: Starting systemd-tmpfiles-setup-dev-early.service - Create Static Device Nodes in /dev gracefully...
         Starting [0;1;39msystemd-tmpfiles-setup-de…[0m Device Nodes in /dev gracefully...
[   10.271179] systemd[1]: Finished systemd-remount-fs.service - Remount Root and Kernel File Systems.
[[0;32m  OK  [0m] Finished [0;1;39msystemd-remount-fs.servic…[0mmount Root and Kernel File Systems.
[   10.277660] systemd[1]: Started systemd-journald.service - Journal Service.
[[0;32m  OK  [0m] Started [0;1;39msystemd-journald.service[0m - Journal Service.
[[0;32m  OK  [0m] Finished [0;1;39msystemd-udev-load-credent…[0m- Load udev Rules from Credentials.
[[0;32m  OK  [0m] Mounted [0;1;39msys-fs-fuse-connections.mount[0m - FUSE Control File System.
[[0;32m  OK  [0m] Mounted [0;1;39msys-kernel-config.mount[0m - Kernel Configuration File System.
[[0;32m  OK  [0m] Finished [0;1;39msystemd-sysctl.service[0m - Apply Kernel Variables.
         Starting [0;1;39msystemd-journal-flush.ser…[0msh Journal to Persistent Storage...
         Starting [0;1;39msystemd-random-seed.service[0m - Load/Save OS Random Seed...
[[0;32m  OK  [0m] Finished [0;1;39msystemd-tmpfiles-setup-de…[0mic Device Nodes in /dev gracefully.
         Starting [0;1;39msystemd-sysusers.service[0m - Create System Users...
[[0;32m  OK  [0m] Finished [0;1;39mkeyboard-setup.service[0m - Set the console keyboard layout.
[   10.721833] systemd-journald[402]: Received client request to flush runtime journal.
[[0;32m  OK  [0m] Finished [0;1;39msystemd-journal-flush.ser…[0mlush Journal to Persistent Storage.
[[0;32m  OK  [0m] Finished [0;1;39msystemd-sysusers.service[0m - Create System Users.
         Starting [0;1;39msystemd-tmpfiles-setup-de…[0meate Static Device Nodes in /dev...
[[0;32m  OK  [0m] Finished [0;1;39msystemd-udev-trigger.service[0m - Coldplug All udev Devices.
         Starting [0;1;39mifupdown-pre.service[0m - He…synchronize boot up for ifupdown...
[[0;32m  OK  [0m] Finished [0;1;39msystemd-tmpfiles-setup-de…[0mCreate Static Device Nodes in /dev.
[[0;32m  OK  [0m] Finished [0;1;39mifupdown-pre.service[0m - He…o synchronize boot up for ifupdown.
[[0;32m  OK  [0m] Reached target [0;1;39mlocal-fs-pre.target[0m…Preparation for Local File Systems.
         Mounting [0;1;39mtmp.mount[0m - /tmp...
         Starting [0;1;39msystemd-udevd.service[0m - R…ager for Device Events and Files...
[[0;32m  OK  [0m] Mounted [0;1;39mtmp.mount[0m - /tmp.
[[0;32m  OK  [0m] Reached target [0;1;39mlocal-fs.target[0m - Local File Systems.
[[0;32m  OK  [0m] Listening on [0;1;39msystemd-sysext.socket[0m… System Extension Image Management.
         Starting [0;1;39mconsole-setup.service[0m - Set console font and keymap...
         Starting [0;1;39mnetworking.service[0m - Raise network interfaces...
         Starting [0;1;39msystemd-tmpfiles-setup.se…[0mate System Files and Directories...
[[0;32m  OK  [0m] Started [0;1;39msystemd-udevd.service[0m - Ru…anager for Device Events and Files.
[[0;32m  OK  [0m] Finished [0;1;39msystemd-tmpfiles-setup.se…[0mreate System Files and Directories.
         Starting [0;1;39melizaos-first-boot.servic…[0mzaOS first-boot setup (one-shot)...
         Starting [0;1;39mldconfig.service[0m - Rebuild Dynamic Linker Cache...
         Starting [0;1;39mlive-config.service[0m - liv…e boot process (late userspace)....
         Starting [0;1;39msystemd-journal-catalog-u…ervice[0m - Rebuild Journal Catalog...
[   12.178981] first-boot.sh[504]: [elizaos-first-boot] creating system group: elizaos
[   12.434666] first-boot.sh[504]: [elizaos-first-boot] creating system user: elizaos
[[0;32m  OK  [0m] Finished [0;1;39mnetworking.service[0m - Raise network interfaces.
[   12.631228] first-boot.sh[504]: [elizaos-first-boot] ensuring state directory: /var/lib/elizaos
[   12.659564] first-boot.sh[504]: [elizaos-first-boot] ensuring config directory: /etc/elizaos
[   12.726011] first-boot.sh[504]: [elizaos-first-boot] writing new instance id: a9b0563d-c2d3-4142-ac39-09d630c85a20
[[0;32m  OK  [0m] Finished [0;1;39msystemd-journal-catalog-u….service[0m - Rebuild Journal Catalog.
elizaos-ready instance=a9b0563d-c2d3-4142-ac39-09d630c85a20
[   12.841166] first-boot.sh[504]: [elizaos-first-boot] emitting ready marker on /dev/ttyS0
[   12.843247] first-boot.sh[504]: [elizaos-first-boot] elizaos-ready instance=a9b0563d-c2d3-4142-ac39-09d630c85a20
[   12.844662] first-boot.sh[504]: [elizaos-first-boot] enabling elizaos-agent.service
[   13.371247] random: crng init done
[   13.893111] systemd-gpt-auto-generator[612]: EFI loader partition unknown, exiting.
[   13.893305] systemd-gpt-auto-generator[612]: (The boot loader did not set EFI variable LoaderDevicePartUUID.)
[   14.095847] systemd-ssh-generator[622]: Failed to query local AF_VSOCK CID: Cannot assign requested address
[   14.558685] virtio_snd virtio1: device does not comply with spec version 1.x
[   14.559056] virtio_snd virtio1: probe with driver virtio_snd failed with error -22
[[0;32m  OK  [0m] Found device [0;1;39mdev-ttyS0.device[0m - /dev/ttyS0.
[   15.263686] first-boot.sh[504]: [elizaos-first-boot] starting elizaos-agent.service
[[0;32m  OK  [0m] Finished [0;1;39msystemd-random-seed.service[0m - Load/Save OS Random Seed.
         Starting [0;1;39mmodprobe@efi_pstore.servi…[0m - Load Kernel Module efi_pstore...
[[0;32m  OK  [0m] Finished [0;1;39mmodprobe@efi_pstore.service[0m - Load Kernel Module efi_pstore.
[[0;32m  OK  [0m] Finished [0;1;39mldconfig.service[0m - Rebuild Dynamic Linker Cache.
         Starting [0;1;39msystemd-update-done.service[0m - Update is Completed...
[[0;32m  OK  [0m] Finished [0;1;39msystemd-update-done.service[0m - Update is Completed.
[[0;32m  OK  [0m] Reached target [0;1;39msysinit.target[0m - System Initialization.
[[0;32m  OK  [0m] Started [0;1;39mapt-daily.timer[0m - Daily apt download activities.
[[0;32m  OK  [0m] Started [0;1;39mapt-daily-upgrade.timer[0m - …y apt upgrade and clean activities.
[[0;32m  OK  [0m] Started [0;1;39mdpkg-db-backup.timer[0m - Daily dpkg database backup timer.
[[0;32m  OK  [0m] Started [0;1;39me2scrub_all.timer[0m - Period…Metadata Check for All Filesystems.
[[0;32m  OK  [0m] Started [0;1;39mfstrim.timer[0m - Discard unused filesystem blocks once a week.
[[0;32m  OK  [0m] Started [0;1;39mlogrotate.timer[0m - Daily rotation of log files.
[[0;32m  OK  [0m] Started [0;1;39msystemd-tmpfiles-clean.tim…[0my Cleanup of Temporary Directories.
[[0;32m  OK  [0m] Reached target [0;1;39mtimers.target[0m - Timer Units.
[[0;32m  OK  [0m] Listening on [0;1;39mdbus.socket[0m - D-Bus System Message Bus Socket.
[[0;32m  OK  [0m] Listening on [0;1;39msshd-unix-local.socke…[0mtemd-ssh-generator, AF_UNIX Local).
[[0;32m  OK  [0m] Listening on [0;1;39msystemd-hostnamed.socket[0m - Hostname Service Socket.
[[0;32m  OK  [0m] Reached target [0;1;39msockets.target[0m - Socket Units.
[[0;32m  OK  [0m] Finished [0;1;39mconsole-setup.service[0m - Set console font and keymap.
[[0;32m  OK  [0m] Finished [0;1;39mlive-config.service[0m - liv…the boot process (late userspace)..
[[0;32m  OK  [0m] Reached target [0;1;39mbasic.target[0m - Basic System.
[[0;32m  OK  [0m] Reached target [0;1;39msound.target[0m - Sound Card.
[[0;32m  OK  [0m] Started [0;1;39mcron.service[0m - Regular background program processing daemon.
         Starting [0;1;39mdbus.service[0m - D-Bus System Message Bus...
         Starting [0;1;39me2scrub_reap.service[0m - Re…ne ext4 Metadata Check Snapshots...
         Starting [0;1;39msystemd-logind.service[0m - User Login Management...
[[0;32m  OK  [0m] Started [0;1;39mdbus.service[0m - D-Bus System Message Bus.
         Starting [0;1;39mNetworkManager.service[0m - Network Manager...
[[0;32m  OK  [0m] Finished [0;1;39me2scrub_reap.service[0m - Re…line ext4 Metadata Check Snapshots.
[[0;32m  OK  [0m] Started [0;1;39msystemd-logind.service[0m - User Login Management.
         Starting [0;1;39msystemd-hostnamed.service[0m - Hostname Service...
[[0;32m  OK  [0m] Started [0;1;39msystemd-hostnamed.service[0m - Hostname Service.
[[0;32m  OK  [0m] Listening on [0;1;39msystemd-rfkill.socket[0m…ll Switch Status /dev/rfkill Watch.
         Starting [0;1;39mNetworkManager-dispatcher…[0manager Script Dispatcher Service...
[[0;32m  OK  [0m] Started [0;1;39mNetworkManager.service[0m - Network Manager.
[[0;32m  OK  [0m] Reached target [0;1;39mnetwork.target[0m - Network.
         Starting [0;1;39mNetworkManager-wait-onlin…ce[0m - Network Manager Wait Online...
         Starting [0;1;39mssh.service[0m - OpenBSD Secure Shell server...
         Starting [0;1;39msystemd-user-sessions.service[0m - Permit User Sessions...
[[0;32m  OK  [0m] Started [0;1;39mNetworkManager-dispatcher.…[0m Manager Script Dispatcher Service.
[[0;32m  OK  [0m] Finished [0;1;39msystemd-user-sessions.service[0m - Permit User Sessions.
[[0;32m  OK  [0m] Started [0;1;39mgetty@tty1.service[0m - Getty on tty1.
[[0;32m  OK  [0m] Started [0;1;39mserial-getty@ttyS0.service[0m - Serial Getty on ttyS0.
[[0;32m  OK  [0m] Reached target [0;1;39mgetty.target[0m - Login Prompts.
[[0;32m  OK  [0m] Finished [0;1;39mNetworkManager-wait-onlin…vice[0m - Network Manager Wait Online.
[[0;32m  OK  [0m] Reached target [0;1;39mnetwork-online.target[0m - Network is Online.
[[0;32m  OK  [0m] Started [0;1;39mssh.service[0m - OpenBSD Secure Shell server.
[!p]104[?7h[6n[32766;32766H[6n[!p]104[?7h[6n[32766;32766H[6n
Debian GNU/Linux 13 debian ttyS0

debian login: 