MemTotal:        2021096 kB
MemFree:          213228 kB
MemAvailable:     833940 kB
Buffers:            7088 kB
Cached:           821336 kB
SwapCached:        14740 kB
Active:           916416 kB
Inactive:         373384 kB
Active(anon):     345636 kB
Inactive(anon):   142416 kB
Active(file):     570780 kB
Inactive(file):   230968 kB
Unevictable:       10448 kB
Mlocked:           10448 kB
SwapTotal:       1515816 kB
SwapFree:         963608 kB
Dirty:              4428 kB
Writeback:             0 kB
AnonPages:        465204 kB
Mapped:           626624 kB
Shmem:             17152 kB
KReclaimable:      67940 kB
Slab:             179792 kB
SReclaimable:      64140 kB
SUnreclaim:       115652 kB
KernelStack:       32880 kB
PageTables:        65160 kB
SecPageTables:         0 kB
NFS_Unstable:          0 kB
Bounce:                0 kB
WritebackTmp:          0 kB
CommitLimit:     2526364 kB
Committed_AS:   32767000 kB
VmallocTotal:   34359738367 kB
VmallocUsed:       53768 kB
VmallocChunk:          0 kB
Percpu:             4736 kB
AnonHugePages:         0 kB
ShmemHugePages:        0 kB
ShmemPmdMapped:        0 kB
FileHugePages:         0 kB
FilePmdMapped:         0 kB
CmaTotal:              0 kB
CmaFree:               0 kB
DirectMap4k:       46936 kB
DirectMap2M:     2050048 kB
