
OpenSBI v1.8.1
   ____                    _____ ____ _____
  / __ \                  / ____|  _ \_   _|
 | |  | |_ __   ___ _ __ | (___ | |_) || |
 | |  | | '_ \ / _ \ '_ \ \___ \|  _ < | |
 | |__| | |_) |  __/ | | |____) | |_) || |_
  \____/| .__/ \___|_| |_|_____/|____/_____|
        | |
        |_|

Platform Name               : eliza-e1-cpu-variant
Platform Features           : medeleg
Platform HART Count         : 1
Platform HART Protection    : pmp
Platform IPI Device         : aclint-mswi
Platform Timer Device       : aclint-mtimer @ 10000000Hz
Platform Console Device     : uart8250
Platform HSM Device         : ---
Platform PMU Device         : ---
Platform Reboot Device      : ---
Platform Shutdown Device    : ---
Platform Suspend Device     : ---
Platform CPPC Device        : ---
Firmware Base               : 0x80000000
Firmware Size               : 184 KB
Firmware RW Offset          : 0x20000
Firmware RW Size            : 56 KB
Firmware Heap Offset        : 0x25000
Firmware Heap Size          : 36 KB (total), 0 KB (reserved), 10 KB (used), 25 KB (free)
Firmware Scratch Size       : 4096 B (total), 392 B (used), 3704 B (free)
Runtime SBI Version         : 3.0
Standard SBI Extensions     : ipi,pmu,sse,hsm,rfnc,fwft,time,base,legacy,dbcn
Experimental SBI Extensions : none

Domain0 Name                : root
Domain0 Boot HART           : 0
Domain0 HARTs               : 0*
Domain0 Region00            : 0x0000000080020000-0x000000008002ffff M: (F,R,W) S/U: ()
Domain0 Region01            : 0x0000000080000000-0x000000008001ffff M: (F,R,X) S/U: ()
Domain0 Region02            : 0x0000000010001000-0x0000000010001fff M: (I,R,W) S/U: (R,W)
Domain0 Region03            : 0x0000000002008000-0x000000000200bfff M: (I,R,W) S/U: ()
Domain0 Region04            : 0x0000000002000000-0x0000000002007fff M: (I,R,W) S/U: ()
Domain0 Region05            : 0x0000000000000000-0xffffffffffffffff M: () S/U: (R,W,X)
Domain0 Next Address        : 0x0000000080200000
Domain0 Next Arg1           : 0x0000000080040000
Domain0 Next Mode           : S-mode
Domain0 SysReset            : yes
Domain0 SysSuspend          : yes

Boot HART ID                : 0
Boot HART Domain            : root
Boot HART Priv Version      : v1.12
Boot HART Base ISA          : rv64imafdcb
Boot HART ISA Extensions    : zihpm
Boot HART PMP Count         : 8
Boot HART PMP Granularity   : 3 bits
Boot HART PMP Address Bits  : 54
Boot HART MHPM Info         : 6 (0x000001f8)
Boot HART Debug Triggers    : 0 triggers
Boot HART MIDELEG           : 0x0000000000000222
Boot HART MEDELEG           : 0x000000000000b109
Linux version 6.12.90 (shaw@BEAST) (riscv64-linux-gnu-gcc (Ubuntu 13.3.0-6ubuntu2~24.04.1) 13.3.0, GNU ld (GNU Binutils for Ubuntu) 2.42) #3 Thu May 21 23:23:30 PDT 2026
Machine model: eliza-e1-cva6-linux-boot
Forcing kernel command line to: console=ttyS0,115200 earlycon=uart8250,mmio,0x10001000 keep_bootcon panic=-1 rdinit=/init
SBI specification v3.0 detected
SBI implementation ID=0x1 Version=0x10008
SBI TIME extension detected
SBI IPI extension detected
SBI RFENCE extension detected
SBI DBCN extension detected
earlycon: uart8250 at MMIO 0x0000000010001000 (options '')
printk: legacy bootconsole [uart8250] enabled
printk: debug: skip boot console de-registration.
OF: reserved mem: Reserved memory: No reserved-memory node in the DT
Zone ranges:
  DMA32    [mem 0x0000000080000000-0x0000000087ffffff]
  Normal   empty
Movable zone start for each node
Early memory node ranges
  node   0: [mem 0x0000000080000000-0x0000000087ffffff]
Initmem setup node 0 [mem 0x0000000080000000-0x0000000087ffffff]
Falling back to deprecated "riscv,isa"
riscv: base ISA extensions c
riscv: ELF capabilities c
Kernel command line: console=ttyS0,115200 earlycon=uart8250,mmio,0x10001000 keep_bootcon panic=-1 rdinit=/init
Dentry cache hash table entries: 16384 (order: 5, 131072 bytes, linear)
Inode-cache hash table entries: 8192 (order: 4, 65536 bytes, linear)
Built 1 zonelists, mobility grouping on.  Total pages: 32768
mem auto-init: stack:all(zero), heap alloc:off, heap free:off
SLUB: HWalign=64, Order=0-1, MinObjects=0, CPUs=1, Nodes=1
NR_IRQS: 64, nr_irqs: 64, preallocated irqs: 0
riscv-intc: 64 local interrupts mapped
clocksource: riscv_clocksource: mask: 0xffffffffffffffff max_cycles: 0x24e6a1710, max_idle_ns: 440795202120 ns
sched_clock: 64 bits at 10MHz, resolution 100ns, wraps every 4398046511100ns
Console: colour dummy device 80x25
Calibrating delay loop (skipped), value calculated using timer frequency.. 20.00 BogoMIPS (lpj=100000)
pid_max: default: 32768 minimum: 301
Mount-cache hash table entries: 512 (order: 0, 4096 bytes, linear)
Mountpoint-cache hash table entries: 512 (order: 0, 4096 bytes, linear)
ASID allocator using 16 bits (65536 entries)
Memory: 126064K/131072K available (1076K kernel code, 580K rwdata, 263K rodata, 143K init, 223K bss, 4332K reserved, 0K cma-reserved)
devtmpfs: initialized
clocksource: jiffies: mask: 0xffffffff max_cycles: 0xffffffff, max_idle_ns: 19112604462750000 ns
