MemTotal:        5723560 kB
MemFree:          475536 kB
MemAvailable:    2406040 kB
Buffers:            2048 kB
Cached:          2328052 kB
SwapCached:        42024 kB
Active:          1612060 kB
Inactive:        1354040 kB
Active(anon):     878584 kB
Inactive(anon):   135992 kB
Active(file):     733476 kB
Inactive(file):  1218048 kB
Unevictable:      297204 kB
Mlocked:          294668 kB
SwapTotal:       3145724 kB
SwapFree:        1413992 kB
Dirty:              7064 kB
Writeback:             0 kB
AnonPages:        923808 kB
Mapped:          1183156 kB
Shmem:             86600 kB
KReclaimable:     207644 kB
Slab:             495736 kB
SReclaimable:     145348 kB
SUnreclaim:       350388 kB
KernelStack:       72748 kB
ShadowCallStack:   18232 kB
PageTables:       136660 kB
SecPageTables:         0 kB
NFS_Unstable:          0 kB
Bounce:                0 kB
WritebackTmp:          0 kB
CommitLimit:     6007504 kB
Committed_AS:   253473832 kB
VmallocTotal:   259653632 kB
VmallocUsed:      187644 kB
VmallocChunk:          0 kB
Percpu:            17952 kB
AnonHugePages:         0 kB
ShmemHugePages:        0 kB
ShmemPmdMapped:        0 kB
FileHugePages:         0 kB
FilePmdMapped:         0 kB
CmaTotal:         667648 kB
CmaFree:             520 kB
Gpu:              185176 kB
Zram:             487904 kB
ION_heap_pool:     62296 kB
ION_heap:         314408 kB
Misc:              24196 kB
