MemTotal:        2021096 kB
MemFree:         1044352 kB
MemAvailable:    1183456 kB
Buffers:            3264 kB
Cached:           335036 kB
SwapCached:        19012 kB
Active:           391004 kB
Inactive:         149740 kB
Active(anon):     216768 kB
Inactive(anon):       16 kB
Active(file):     174236 kB
Inactive(file):   149724 kB
Unevictable:       10472 kB
Mlocked:           10472 kB
SwapTotal:       1515816 kB
SwapFree:        1032076 kB
Dirty:              4540 kB
Writeback:             0 kB
AnonPages:        212856 kB
Mapped:           268052 kB
Shmem:              4108 kB
KReclaimable:      60300 kB
Slab:             158232 kB
SReclaimable:      60300 kB
SUnreclaim:        97932 kB
KernelStack:       22208 kB
PageTables:        43976 kB
SecPageTables:         0 kB
NFS_Unstable:          0 kB
Bounce:                0 kB
WritebackTmp:          0 kB
CommitLimit:     2526364 kB
Committed_AS:   20329724 kB
VmallocTotal:   34359738367 kB
VmallocUsed:       43008 kB
VmallocChunk:          0 kB
Percpu:             4736 kB
AnonHugePages:         0 kB
ShmemHugePages:        0 kB
ShmemPmdMapped:        0 kB
FileHugePages:         0 kB
FilePmdMapped:         0 kB
CmaTotal:              0 kB
CmaFree:               0 kB
DirectMap4k:       46936 kB
DirectMap2M:     2050048 kB
