MemTotal:        5723560 kB
MemFree:          319672 kB
MemAvailable:    2164736 kB
Buffers:             764 kB
Cached:          2201652 kB
SwapCached:        41972 kB
Active:          1425168 kB
Inactive:        1589612 kB
Active(anon):     827424 kB
Inactive(anon):   367608 kB
Active(file):     597744 kB
Inactive(file):  1222004 kB
Unevictable:      297228 kB
Mlocked:          294692 kB
SwapTotal:       3145724 kB
SwapFree:        1242136 kB
Dirty:              4592 kB
Writeback:             0 kB
AnonPages:       1100772 kB
Mapped:          1323196 kB
Shmem:             91224 kB
KReclaimable:     253980 kB
Slab:             497568 kB
SReclaimable:     137436 kB
SUnreclaim:       360132 kB
KernelStack:       78716 kB
ShadowCallStack:   19756 kB
PageTables:       149212 kB
SecPageTables:         0 kB
NFS_Unstable:          0 kB
Bounce:                0 kB
WritebackTmp:          0 kB
CommitLimit:     6007504 kB
Committed_AS:   278737924 kB
VmallocTotal:   259653632 kB
VmallocUsed:      197696 kB
VmallocChunk:          0 kB
Percpu:            17952 kB
AnonHugePages:         0 kB
ShmemHugePages:        0 kB
ShmemPmdMapped:        0 kB
FileHugePages:         0 kB
FilePmdMapped:         0 kB
CmaTotal:         667648 kB
CmaFree:               0 kB
Gpu:              185200 kB
Zram:             532148 kB
ION_heap_pool:    116544 kB
ION_heap:         297468 kB
Misc:              19376 kB
