MemTotal:        2021096 kB
MemFree:          258744 kB
MemAvailable:     817352 kB
Buffers:            4960 kB
Cached:           764960 kB
SwapCached:        14768 kB
Active:           677332 kB
Inactive:         568504 kB
Active(anon):     262368 kB
Inactive(anon):   242216 kB
Active(file):     414964 kB
Inactive(file):   326288 kB
Unevictable:       10448 kB
Mlocked:           10448 kB
SwapTotal:       1515816 kB
SwapFree:         989588 kB
Dirty:              7284 kB
Writeback:             4 kB
AnonPages:        480600 kB
Mapped:           611288 kB
Shmem:             19032 kB
KReclaimable:      64728 kB
Slab:             180324 kB
SReclaimable:      64728 kB
SUnreclaim:       115596 kB
KernelStack:       31920 kB
PageTables:        66716 kB
SecPageTables:         0 kB
NFS_Unstable:          0 kB
Bounce:                0 kB
WritebackTmp:          0 kB
CommitLimit:     2526364 kB
Committed_AS:   32086232 kB
VmallocTotal:   34359738367 kB
VmallocUsed:       52768 kB
VmallocChunk:          0 kB
Percpu:             4736 kB
AnonHugePages:         0 kB
ShmemHugePages:        0 kB
ShmemPmdMapped:        0 kB
FileHugePages:         0 kB
FilePmdMapped:         0 kB
CmaTotal:              0 kB
CmaFree:               0 kB
DirectMap4k:       46936 kB
DirectMap2M:     2050048 kB
